 hello

 Timestamp is 5b2257fa (Thu Jun 14 19:56:42 2018)

 Preferred load address is 10000000

 Start         Length     Name                   Class
 0001:00000000 0000aa77H .text$mn                CODE
 0002:00000000 00000118H .idata$5                DATA
 0002:00000118 00000004H .00cfg                  DATA
 0002:0000011c 00000004H .CRT$XCA                DATA
 0002:00000120 00000004H .CRT$XCU                DATA
 0002:00000124 00000004H .CRT$XCZ                DATA
 0002:00000128 00000004H .CRT$XIA                DATA
 0002:0000012c 0000000cH .CRT$XIC                DATA
 0002:00000138 00000004H .CRT$XIZ                DATA
 0002:0000013c 00000004H .CRT$XPA                DATA
 0002:00000140 00000008H .CRT$XPX                DATA
 0002:00000148 00000004H .CRT$XPXA               DATA
 0002:0000014c 00000004H .CRT$XPZ                DATA
 0002:00000150 00000004H .CRT$XTA                DATA
 0002:00000154 0000000cH .CRT$XTZ                DATA
 0002:00000160 000049b0H .rdata                  DATA
 0002:00004b10 00000000H .rdata$r                DATA
 0002:00004b10 0000000cH .rdata$sxdata           DATA
 0002:00004b1c 00000388H .rdata$zzzdbg           DATA
 0002:00004ea4 00000004H .rtc$IAA                DATA
 0002:00004ea8 00000004H .rtc$IZZ                DATA
 0002:00004eac 00000004H .rtc$TAA                DATA
 0002:00004eb0 00000008H .rtc$TZZ                DATA
 0002:00004eb8 0000038cH .xdata$x                DATA
 0002:00005244 00000020H .didat$2                DATA
 0002:00005264 00000020H .didat$3                DATA
 0002:00005284 00000028H .didat$4                DATA
 0002:000052ac 00000270H .didat$6                DATA
 0002:0000551c 00000034H .didat$7                DATA
 0002:00005550 00000050H .edata                  DATA
 0002:000055a0 00000014H .idata$2                DATA
 0002:000055b4 00000014H .idata$3                DATA
 0002:000055c8 00000118H .idata$4                DATA
 0002:000056e0 00000506H .idata$6                DATA
 0003:00000000 00000784H .data                   DATA
 0003:00000784 00000000H .data$r                 DATA
 0003:00000784 0000002cH .didat$5                DATA
 0003:000007b0 00000a34H .bss                    DATA
 0004:00000000 0000008cH .gfids$x                DATA
 0004:0000008c 00000014H .gfids$y                DATA
 0005:00000000 00000060H .rsrc$01                DATA
 0005:00000060 00000180H .rsrc$02                DATA

  Address         Publics by Value              Rva+Base       Lib:Object

 0000:00000000       ___guard_fids_count        00000000     <absolute>
 0000:00000000       ___guard_longjmp_count     00000000     <absolute>
 0000:00000000       ___guard_longjmp_table     00000000     <absolute>
 0000:00000000       __except_list              00000000     <absolute>
 0000:00000000       ___guard_iat_table         00000000     <absolute>
 0000:00000000       ___guard_iat_count         00000000     <absolute>
 0000:00000000       ___guard_fids_table        00000000     <absolute>
 0000:00000000       ___dynamic_value_reloc_table 00000000     <absolute>
 0000:00000003       ___safe_se_handler_count   00000003     <absolute>
 0000:00000100       ___guard_flags             00000100     <absolute>
 0000:00000000       ___ImageBase               10000000     <linker-defined>
 0001:00000000       ?NODE_SET_METHOD@node@@YAXV?$Local@VObject@v8@@@v8@@PBDP6AXABV?$FunctionCallbackInfo@VValue@v8@@@3@@Z@Z 10001000 f i hello.obj
 0001:000000a0       ?Method@demo@@YAXABV?$FunctionCallbackInfo@VValue@v8@@@v8@@@Z 100010a0 f   hello.obj
 0001:000000e0       ?init@demo@@YAXV?$Local@VObject@v8@@@v8@@@Z 100010e0 f   hello.obj
 0001:0000014b       __imp_load_?GetCurrent@Isolate@v8@@SAPAV12@XZ 1000114b f   node:node.exe
 0001:00000155       __tailMerge_node_exe       10001155 f i node:node.exe
 0001:00000166       __imp_load_??1HandleScope@v8@@QAE@XZ 10001166 f   node:node.exe
 0001:00000170       __imp_load_??0HandleScope@v8@@QAE@PAVIsolate@1@@Z 10001170 f   node:node.exe
 0001:0000017a       __imp_load_?GetFunction@FunctionTemplate@v8@@QAE?AV?$Local@VFunction@v8@@@2@XZ 1000117a f   node:node.exe
 0001:00000184       __imp_load_?New@FunctionTemplate@v8@@SA?AV?$Local@VFunctionTemplate@v8@@@2@PAVIsolate@2@P6AXABV?$FunctionCallbackInfo@VValue@v8@@@2@@ZV?$Local@VValue@v8@@@2@V?$Local@VSignature@v8@@@2@HW4ConstructorBehavior@2@W4SideEffectType@2@@Z 10001184 f   node:node.exe
 0001:0000018e       __imp_load_?NewFromUtf8@String@v8@@SA?AV?$Local@VString@v8@@@2@PAVIsolate@2@PBDW4NewStringType@12@H@Z 1000118e f   node:node.exe
 0001:00000198       __imp_load_?Set@Object@v8@@QAE_NV?$Local@VValue@v8@@@2@0@Z 10001198 f   node:node.exe
 0001:000001a2       __imp_load_?SetName@Function@v8@@QAEXV?$Local@VString@v8@@@2@@Z 100011a2 f   node:node.exe
 0001:000001ac       __imp_load__node_module_register 100011ac f   node:node.exe
 0001:000001b6       @__security_check_cookie@4 100011b6 f   LIBCMT:_secchk_.obj
 0001:000004cf       __DllMainCRTStartup@12     100014cf f   LIBCMT:dll_dllmain.obj
 0001:000004f2       ___raise_securityfailure   100014f2 f   LIBCMT:gs_report.obj
 0001:0000051a       ___report_gsfailure        1000151a f   LIBCMT:gs_report.obj
 0001:00000615       ??$__crt_fast_encode_pointer@PAP6AXXZ@@YAPAP6AXXZQAP6AXXZ@Z 10001615 f i LIBCMT:utility.obj
 0001:00000615       ??$__crt_fast_encode_pointer@PAX@@YAPAXQAX@Z 10001615 f i libvcruntime:winapi_downlevel.obj
 0001:00000676       ___scrt_acquire_startup_lock 10001676 f   LIBCMT:utility.obj
 0001:000006ab       ___scrt_dllmain_after_initialize_c 100016ab f   LIBCMT:utility.obj
 0001:000006d6       ___scrt_dllmain_before_initialize_c 100016d6 f   LIBCMT:utility.obj
 0001:000006e4       ___scrt_dllmain_crt_thread_attach 100016e4 f   LIBCMT:utility.obj
 0001:00000703       ___scrt_dllmain_crt_thread_detach 10001703 f   LIBCMT:utility.obj
 0001:00000710       ___scrt_dllmain_exception_filter 10001710 f   LIBCMT:utility.obj
 0001:00000743       ___scrt_dllmain_uninitialize_c 10001743 f   LIBCMT:utility.obj
 0001:00000766       ___scrt_dllmain_uninitialize_critical 10001766 f   LIBCMT:utility.obj
 0001:00000773       ___scrt_initialize_crt     10001773 f   LIBCMT:utility.obj
 0001:000007ac       ___scrt_initialize_onexit_tables 100017ac f   LIBCMT:utility.obj
 0001:00000843       ___scrt_is_nonwritable_in_current_image 10001843 f   LIBCMT:utility.obj
 0001:000008cd       ___scrt_release_startup_lock 100018cd f   LIBCMT:utility.obj
 0001:000008ea       ___scrt_uninitialize_crt   100018ea f   LIBCMT:utility.obj
 0001:00000912       __onexit                   10001912 f   LIBCMT:utility.obj
 0001:0000094d       _atexit                    1000194d f   LIBCMT:utility.obj
 0001:00000962       ___security_init_cookie    10001962 f   LIBCMT:gs_support.obj
 0001:000009fe       _DllMain@12                100019fe f   LIBCMT:dll_dllmain_stub.obj
 0001:00000a04       ?__scrt_initialize_type_info@@YAXXZ 10001a04 f   LIBCMT:tncleanup.obj
 0001:00000a10       ?__scrt_uninitialize_type_info@@YAXXZ 10001a10 f   LIBCMT:tncleanup.obj
 0001:00000a1c       ___local_stdio_printf_options 10001a1c f i LIBCMT:default_local_stdio_options.obj
 0001:00000a22       ___local_stdio_scanf_options 10001a22 f i LIBCMT:default_local_stdio_options.obj
 0001:00000a28       ___scrt_initialize_default_local_stdio_options 10001a28 f   LIBCMT:default_local_stdio_options.obj
 0001:00000a45       ___scrt_get_dyn_tls_init_callback 10001a45 f   LIBCMT:dyn_tls_init.obj
 0001:00000a4b       ___scrt_fastfail           10001a4b f   LIBCMT:utility_desktop.obj
 0001:00000b66       __crt_debugger_hook        10001b66 f   LIBCMT:utility_desktop.obj
 0001:00000b6e       __RTC_Initialize           10001b6e f   LIBCMT:_initsect_.obj
 0001:00000b99       __RTC_Terminate            10001b99 f   LIBCMT:_initsect_.obj
 0001:00000bc4       @_guard_check_icall@4      10001bc4 f i LIBCMT:checkcfg.obj
 0001:00000bd0       __SEH_prolog4              10001bd0 f   LIBCMT:_sehprolg4_.obj
 0001:00000c16       __SEH_epilog4              10001c16 f   LIBCMT:_sehprolg4_.obj
 0001:00000c2b       ___isa_available_init      10001c2b f   LIBCMT:_cpu_disp_.obj
 0001:00000dc5       __get_startup_argv_mode    10001dc5 f   LIBCMT:argv_mode.obj
 0001:00000dc9       ___scrt_is_ucrt_dll_in_use 10001dc9 f   LIBCMT:ucrt_detection.obj
 0001:00000dd5       ___except_validate_context_record 10001dd5 f i libvcruntime:jbcxrval.obj
 0001:00000dd5       @_guard_check_icall_nop@4  10001dd5 f i LIBCMT:guard_support.obj
 0001:00000dd5       ___except_validate_jump_buffer 10001dd5 f i libvcruntime:jbcxrval.obj
 0001:00000e20       __except_handler4          10001e20 f   libvcruntime:_chandler4_.obj
 0001:00000f86       ___vcrt_initialize         10001f86 f   libvcruntime:initialization.obj
 0001:00000faf       ___vcrt_thread_attach      10001faf f   libvcruntime:initialization.obj
 0001:00000fba       ___vcrt_thread_detach      10001fba f   libvcruntime:initialization.obj
 0001:00000fc5       ___vcrt_uninitialize       10001fc5 f   libvcruntime:initialization.obj
 0001:00000fe4       ___vcrt_uninitialize_critical 10001fe4 f   libvcruntime:initialization.obj
 0001:00000fec       ___std_type_info_destroy_list 10001fec f   libvcruntime:std_type_info.obj
 0001:00001010       _memset                    10002010 f   libvcruntime:memset.obj
 0001:00001170       __local_unwind4            10002170 f   libvcruntime:_exsup4_.obj
 0001:00001246       __seh_longjmp_unwind4@4    10002246 f   libvcruntime:_exsup4_.obj
 0001:0000126e       @_EH4_CallFilterFunc@8     1000226e f   libvcruntime:_exsup4_.obj
 0001:00001285       @_EH4_TransferToHandler@8  10002285 f   libvcruntime:_exsup4_.obj
 0001:0000129e       @_EH4_GlobalUnwind2@8      1000229e f   libvcruntime:_exsup4_.obj
 0001:000012b7       @_EH4_LocalUnwind@16       100022b7 f   libvcruntime:_exsup4_.obj
 0001:000012ce       ___vcrt_freefls@4          100022ce f   libvcruntime:per_thread_data.obj
 0001:000012ea       ___vcrt_freeptd            100022ea f   libvcruntime:per_thread_data.obj
 0001:00001320       ___vcrt_getptd_noexit      10002320 f   libvcruntime:per_thread_data.obj
 0001:000013b2       ___vcrt_initialize_ptd     100023b2 f   libvcruntime:per_thread_data.obj
 0001:000013e5       ___vcrt_uninitialize_ptd   100023e5 f   libvcruntime:per_thread_data.obj
 0001:00001400       ___vcrt_initialize_locks   10002400 f   libvcruntime:locks.obj
 0001:0000143c       ___vcrt_uninitialize_locks 1000243c f   libvcruntime:locks.obj
 0001:0000158c       ___vcrt_FlsAlloc           1000258c f   libvcruntime:winapi_downlevel.obj
 0001:000015c6       ___vcrt_FlsFree            100025c6 f   libvcruntime:winapi_downlevel.obj
 0001:00001600       ___vcrt_FlsGetValue        10002600 f   libvcruntime:winapi_downlevel.obj
 0001:0000163a       ___vcrt_FlsSetValue        1000263a f   libvcruntime:winapi_downlevel.obj
 0001:00001677       ___vcrt_InitializeCriticalSectionEx 10002677 f   libvcruntime:winapi_downlevel.obj
 0001:000016bd       ___vcrt_initialize_winapi_thunks 100026bd f   libvcruntime:winapi_downlevel.obj
 0001:000016f7       ___vcrt_uninitialize_winapi_thunks 100026f7 f   libvcruntime:winapi_downlevel.obj
 0001:00001729       ___vcrt_initialize_pure_virtual_call_handler 10002729 f   libvcruntime:purevirt_data.obj
 0001:00001750       __global_unwind2           10002750 f   libvcruntime:_exsup_.obj
 0001:000017b5       __local_unwind2            100027b5 f   libvcruntime:_exsup_.obj
 0001:00001839       __abnormal_termination     10002839 f   libvcruntime:_exsup_.obj
 0001:0000185c       __NLG_Notify1              1000285c f   libvcruntime:_exsup_.obj
 0001:00001865       __NLG_Notify               10002865 f   libvcruntime:_exsup_.obj
 0001:0000187c       __NLG_Dispatch2            1000287c     libvcruntime:_exsup_.obj
 0001:0000187c       __NLG_Dispatch             1000287c     libvcruntime:_exsup_.obj
 0001:00001884       __NLG_Call                 10002884 f   libvcruntime:_exsup_.obj
 0001:00001886       __NLG_Return2              10002886     libvcruntime:_exsup_.obj
 0001:00001887       ??0_LocaleUpdate@@QAE@QAU__crt_locale_pointers@@@Z 10002887 f i libucrt:stricmp.obj
 0001:0000190a       ___ascii_stricmp           1000290a f   libucrt:stricmp.obj
 0001:00001945       __stricmp                  10002945 f   libucrt:stricmp.obj
 0001:0000198d       __stricmp_l                1000298d f   libucrt:stricmp.obj
 0001:00001a27       __initterm                 10002a27 f   libucrt:initterm.obj
 0001:00001a83       __initterm_e               10002a83 f   libucrt:initterm.obj
 0001:00001ac8       __seh_filter_dll           10002ac8 f   libucrt:exception_filter.obj
 0001:00001ae8       __seh_filter_exe           10002ae8 f   libucrt:exception_filter.obj
 0001:00001e76       ___acrt_initialize_thread_local_exit_callback 10002e76 f   libucrt:exit.obj
 0001:00001e85       __cexit                    10002e85 f   libucrt:exit.obj
 0001:00001e94       __exit                     10002e94 f   libucrt:exit.obj
 0001:00001eaa       __is_c_termination_complete 10002eaa f   libucrt:exit.obj
 0001:00002149       ___acrt_allocate_buffer_for_argv 10003149 f   libucrt:argv_parsing.obj
 0001:0000219e       __configure_narrow_argv    1000319e f   libucrt:argv_parsing.obj
 0001:00002302       ??$uninitialize@A6AXAAPAPAD@Z@?$dual_state_global@PAPAD@__crt_state_management@@QAEXA6AXAAPAPAD@Z@Z 10003302 f i libucrt:environment_initialization.obj
 0001:00002302       ??$uninitialize@A6AXAAPAPA_W@Z@?$dual_state_global@PAPA_W@__crt_state_management@@QAEXA6AXAAPAPA_W@Z@Z 10003302 f i libucrt:environment_initialization.obj
 0001:00002378       ___dcrt_uninitialize_environments_nolock 10003378 f   libucrt:environment_initialization.obj
 0001:000023af       __initialize_narrow_environment 100033af f   libucrt:environment_initialization.obj
 0001:000023b4       ??$?RV<lambda_800076c951b434888f4765a74a194fcc>@@AAV<lambda_4e60a939b0d047cfe11ddc22648dfba9>@@V<lambda_6dbb1268764f43b569ce7b67e331d33a>@@@?$__crt_seh_guarded_call@H@@QAEH$$QAV<lambda_800076c951b434888f4765a74a194fcc>@@AAV<lambda_4e60a939b0d047cfe11ddc22648dfba9>@@$$QAV<lambda_6dbb1268764f43b569ce7b67e331d33a>@@@Z 100033b4 f i libucrt:onexit.obj
 0001:00002405       ??$?RV<lambda_995298e7d72eb4c2aab26c0585b3abe5>@@AAV<lambda_275893d493268fdec8709772e3fcec0e>@@V<lambda_293819299cbf9a7022e18b56a874bb5c>@@@?$__crt_seh_guarded_call@H@@QAEH$$QAV<lambda_995298e7d72eb4c2aab26c0585b3abe5>@@AAV<lambda_275893d493268fdec8709772e3fcec0e>@@$$QAV<lambda_293819299cbf9a7022e18b56a874bb5c>@@@Z 10003405 f i libucrt:onexit.obj
 0001:00002456       ??$__acrt_lock_and_call@V<lambda_275893d493268fdec8709772e3fcec0e>@@@@YAHW4__acrt_lock_id@@$$QAV<lambda_275893d493268fdec8709772e3fcec0e>@@@Z 10003456 f i libucrt:onexit.obj
 0001:0000247e       ??$__acrt_lock_and_call@V<lambda_4e60a939b0d047cfe11ddc22648dfba9>@@@@YAHW4__acrt_lock_id@@$$QAV<lambda_4e60a939b0d047cfe11ddc22648dfba9>@@@Z 1000347e f i libucrt:onexit.obj
 0001:000024a6       ??$__crt_fast_encode_pointer@P6AHXZ@@YAP6AHXZQ6AHXZ@Z 100034a6 f i libucrt:onexit.obj
 0001:00002726       __crt_atexit               10003726 f   libucrt:onexit.obj
 0001:0000273c       __execute_onexit_table     1000373c f   libucrt:onexit.obj
 0001:00002759       __initialize_onexit_table  10003759 f   libucrt:onexit.obj
 0001:00002796       __register_onexit_function 10003796 f   libucrt:onexit.obj
 0001:000027ee       ___acrt_uninitialize_command_line 100037ee f   libucrt:argv_data.obj
 0001:000028ae       ___acrt_initialize         100038ae f   libucrt:initialization.obj
 0001:000028c0       ___acrt_thread_attach      100038c0 f   libucrt:initialization.obj
 0001:000028cb       ___acrt_thread_detach      100038cb f   libucrt:initialization.obj
 0001:000028d3       ___acrt_uninitialize       100038d3 f   libucrt:initialization.obj
 0001:000028e5       ___acrt_uninitialize_critical 100038e5 f   libucrt:initialization.obj
 0001:000028f7       _terminate                 100038f7 f   libucrt:terminate.obj
 0001:00002933       __free_base                10003933 f   libucrt:free_base.obj
 0001:0000296d       __malloc_base              1000396d f   libucrt:malloc_base.obj
 0001:000029bb       _strcpy_s                  100039bb f   libucrt:strcpy_s.obj
 0001:00002a15       _abort                     10003a15 f   libucrt:abort.obj
 0001:00002a58       __calloc_base              10003a58 f   libucrt:calloc_base.obj
 0001:00002ab5       __chvalidchk_l             10003ab5 f i libucrt:atox.obj
 0001:00002adf       __ischartype_l             10003adf f i libucrt:atox.obj
 0001:00002b12       ?initialize@?$dual_state_global@P6AHI@Z@__crt_state_management@@QAEXQ6AHI@Z@Z 10003b12 f i libucrt:new_handler.obj
 0001:00002b12       ?initialize@?$dual_state_global@P6AHPAU_exception@@@Z@__crt_state_management@@QAEXQ6AHPAU_exception@@@Z@Z 10003b12 f i libucrt:matherr.obj
 0001:00002b12       ?initialize@?$dual_state_global@P6AXH@Z@__crt_state_management@@QAEXQ6AXH@Z@Z 10003b12 f i libucrt:signal.obj
 0001:00002b12       ?initialize@?$dual_state_global@PAPAD@__crt_state_management@@QAEXQAPAD@Z 10003b12 f i libucrt:environment_initialization.obj
 0001:00002b12       ?initialize@?$dual_state_global@PAU__crt_locale_data@@@__crt_state_management@@QAEXQAU__crt_locale_data@@@Z 10003b12 f i libucrt:initialization.obj
 0001:00002b12       ?initialize@?$dual_state_global@P6AXPB_W00II@Z@__crt_state_management@@QAEXQ6AXPB_W00II@Z@Z 10003b12 f i libucrt:invalid_parameter.obj
 0001:00002b43       ___acrt_call_reportfault   10003b43 f   libucrt:invalid_parameter.obj
 0001:00002c7e       ___acrt_initialize_invalid_parameter_handler 10003c7e f   libucrt:invalid_parameter.obj
 0001:00002c92       __invalid_parameter        10003c92 f   libucrt:invalid_parameter.obj
 0001:00002d0d       __invalid_parameter_noinfo 10003d0d f   libucrt:invalid_parameter.obj
 0001:00002d1d       __invoke_watson            10003d1d f   libucrt:invalid_parameter.obj
 0001:00002d50       ___acrt_errno_from_os_error 10003d50 f   libucrt:errno.obj
 0001:00002d93       ___acrt_errno_map_os_error 10003d93 f   libucrt:errno.obj
 0001:00002db6       ___doserrno                10003db6 f   libucrt:errno.obj
 0001:00002dc9       __errno                    10003dc9 f   libucrt:errno.obj
 0001:00002f43       __tolower_l                10003f43 f   libucrt:tolower_toupper.obj
 0001:00002f5d       ??$?RV<lambda_3518db117f0e7cdb002338c5d3c47b6c>@@AAV<lambda_b2ea41f6bbb362cd97d94c6828d90b61>@@V<lambda_abdedf541bb04549bc734292b4a045d4>@@@?$__crt_seh_guarded_call@X@@QAEX$$QAV<lambda_3518db117f0e7cdb002338c5d3c47b6c>@@AAV<lambda_b2ea41f6bbb362cd97d94c6828d90b61>@@$$QAV<lambda_abdedf541bb04549bc734292b4a045d4>@@@Z 10003f5d f i libucrt:per_thread_data.obj
 0001:00002fad       ??$?RV<lambda_51b6e8b1eb166f2a3faf91f424b38130>@@AAV<lambda_6250bd4b2a391816dd638c3bf72b0bcb>@@V<lambda_0b5a4a3e68152e1d9b943535f5f47bed>@@@?$__crt_seh_guarded_call@X@@QAEX$$QAV<lambda_51b6e8b1eb166f2a3faf91f424b38130>@@AAV<lambda_6250bd4b2a391816dd638c3bf72b0bcb>@@$$QAV<lambda_0b5a4a3e68152e1d9b943535f5f47bed>@@@Z 10003fad f i libucrt:per_thread_data.obj
 0001:0000300e       ??$?RV<lambda_5b71d36f03204c0beab531769a5b5694>@@AAV<lambda_be2b3da3f62db62e9dad5dc70221a656>@@V<lambda_8f9ce462984622f9bf76b59e2aaaf805>@@@?$__crt_seh_guarded_call@X@@QAEX$$QAV<lambda_5b71d36f03204c0beab531769a5b5694>@@AAV<lambda_be2b3da3f62db62e9dad5dc70221a656>@@$$QAV<lambda_8f9ce462984622f9bf76b59e2aaaf805>@@@Z 1000400e f i libucrt:per_thread_data.obj
 0001:00003059       ??$?RV<lambda_9df27f884b057bc3edfc946cb5b7cf47>@@AAV<lambda_e69574bed617af4e071282c136b37893>@@V<lambda_cc0d902bcbbeb830f749456577db4721>@@@?$__crt_seh_guarded_call@X@@QAEX$$QAV<lambda_9df27f884b057bc3edfc946cb5b7cf47>@@AAV<lambda_e69574bed617af4e071282c136b37893>@@$$QAV<lambda_cc0d902bcbbeb830f749456577db4721>@@@Z 10004059 f i libucrt:per_thread_data.obj
 0001:000030a1       ??$__acrt_lock_and_call@V<lambda_6250bd4b2a391816dd638c3bf72b0bcb>@@@@YAXW4__acrt_lock_id@@$$QAV<lambda_6250bd4b2a391816dd638c3bf72b0bcb>@@@Z 100040a1 f i libucrt:per_thread_data.obj
 0001:000030c9       ??$__acrt_lock_and_call@V<lambda_b2ea41f6bbb362cd97d94c6828d90b61>@@@@YAXW4__acrt_lock_id@@$$QAV<lambda_b2ea41f6bbb362cd97d94c6828d90b61>@@@Z 100040c9 f i libucrt:per_thread_data.obj
 0001:000030f1       ??$__acrt_lock_and_call@V<lambda_be2b3da3f62db62e9dad5dc70221a656>@@@@YAXW4__acrt_lock_id@@$$QAV<lambda_be2b3da3f62db62e9dad5dc70221a656>@@@Z 100040f1 f i libucrt:per_thread_data.obj
 0001:00003119       ??$__acrt_lock_and_call@V<lambda_e69574bed617af4e071282c136b37893>@@@@YAXW4__acrt_lock_id@@$$QAV<lambda_e69574bed617af4e071282c136b37893>@@@Z 10004119 f i libucrt:per_thread_data.obj
 0001:000032cf       ___acrt_freeptd            100042cf f   libucrt:per_thread_data.obj
 0001:000032fb       ___acrt_getptd             100042fb f   libucrt:per_thread_data.obj
 0001:0000337f       ___acrt_getptd_noexit      1000437f f   libucrt:per_thread_data.obj
 0001:00003404       ___acrt_initialize_ptd     10004404 f   libucrt:per_thread_data.obj
 0001:00003430       ___acrt_uninitialize_ptd   10004430 f   libucrt:per_thread_data.obj
 0001:0000344a       ___acrt_update_locale_info 1000444a f   libucrt:locale_update.obj
 0001:00003477       ___acrt_update_multibyte_info 10004477 f   libucrt:locale_update.obj
 0001:000034a4       ___acrt_set_locale_changed 100044a4 f   libucrt:wsetlocale.obj
 0001:000034af       ___acrt_uninitialize_locale 100044af f   libucrt:wsetlocale.obj
 0001:00003501       ___acrt_initialize_locks   10004501 f   libucrt:locks.obj
 0001:00003542       ___acrt_lock               10004542 f   libucrt:locks.obj
 0001:00003559       ___acrt_uninitialize_locks 10004559 f   libucrt:locks.obj
 0001:0000358a       ___acrt_unlock             1000458a f   libucrt:locks.obj
 0001:000036b8       ___acrt_FlsAlloc@4         100046b8 f   libucrt:winapi_thunks.obj
 0001:0000370e       ___acrt_FlsFree@4          1000470e f   libucrt:winapi_thunks.obj
 0001:00003764       ___acrt_FlsGetValue@4      10004764 f   libucrt:winapi_thunks.obj
 0001:000037ba       ___acrt_FlsSetValue@8      100047ba f   libucrt:winapi_thunks.obj
 0001:00003813       ___acrt_InitializeCriticalSectionEx@12 10004813 f   libucrt:winapi_thunks.obj
 0001:00003875       ___acrt_LCMapStringEx@36   10004875 f   libucrt:winapi_thunks.obj
 0001:000038fd       ___acrt_LocaleNameToLCID@8 100048fd f   libucrt:winapi_thunks.obj
 0001:00003959       ___acrt_initialize_winapi_thunks 10004959 f   libucrt:winapi_thunks.obj
 0001:0000397f       ___acrt_is_packaged_app    1000497f f   libucrt:winapi_thunks.obj
 0001:00003a06       ___acrt_uninitialize_winapi_thunks 10004a06 f   libucrt:winapi_thunks.obj
 0001:00003dfe       ??1?$argument_list@D@?A0xb0e4b824@@QAE@XZ 10004dfe f i libucrt:argv_wildcards.obj
 0001:00003e23       ?append@?$argument_list@D@?A0xb0e4b824@@QAEHQAD@Z 10004e23 f i libucrt:argv_wildcards.obj
 0001:00003e58       ?expand_if_necessary@?$argument_list@D@?A0xb0e4b824@@AAEHXZ 10004e58 f i libucrt:argv_wildcards.obj
 0001:00003edf       ___acrt_expand_narrow_argv_wildcards 10004edf f   libucrt:argv_wildcards.obj
 0001:00003eea       ??$?RV<lambda_978dc153c237d78434369da87b74ff60>@@AAV<lambda_ad1ced32f4ac17aa236e5ef05d6b3b7c>@@V<lambda_4a8533e2866a575feecb8298ce776b0d>@@@?$__crt_seh_guarded_call@X@@QAEX$$QAV<lambda_978dc153c237d78434369da87b74ff60>@@AAV<lambda_ad1ced32f4ac17aa236e5ef05d6b3b7c>@@$$QAV<lambda_4a8533e2866a575feecb8298ce776b0d>@@@Z 10004eea f i libucrt:mbctype.obj
 0001:00003f2d       ??$__acrt_lock_and_call@V<lambda_ad1ced32f4ac17aa236e5ef05d6b3b7c>@@@@YAXW4__acrt_lock_id@@$$QAV<lambda_ad1ced32f4ac17aa236e5ef05d6b3b7c>@@@Z 10004f2d f i libucrt:mbctype.obj
 0001:000043c4       ___acrt_initialize_multibyte 100053c4 f   libucrt:mbctype.obj
 0001:000043e2       ___acrt_update_thread_multibyte_data 100053e2 f   libucrt:mbctype.obj
 0001:00004484       __setmbcp_nolock           10005484 f   libucrt:mbctype.obj
 0001:0000474f       __ismbblead                1000574f f   libucrt:ismbbyte.obj
 0001:00004767       ___acrt_initialize_command_line 10005767 f   libucrt:argv_data.obj
 0001:000047b7       ___dcrt_get_narrow_environment_from_os 100057b7 f   libucrt:get_environment_from_os.obj
 0001:0000483a       __recalloc                 1000583a f   libucrt:recalloc.obj
 0001:00004845       __recalloc_base            10005845 f   libucrt:recalloc.obj
 0001:000048b2       ___acrt_initialize_heap    100058b2 f   libucrt:heap_handle.obj
 0001:000048c3       ___acrt_uninitialize_heap  100058c3 f   libucrt:heap_handle.obj
 0001:00004a39       ___acrt_initialize_lowio   10005a39 f   libucrt:ioinit.obj
 0001:00004a8f       ___acrt_uninitialize_lowio 10005a8f f   libucrt:ioinit.obj
 0001:00004abb       ___acrt_execute_initializers 10005abb f   libucrt:shared_initialization.obj
 0001:00004b3e       ___acrt_execute_uninitializers 10005b3e f   libucrt:shared_initialization.obj
 0001:00004b8b       ___acrt_initialize_new_handler 10005b8b f   libucrt:new_handler.obj
 0001:00004b9f       __callnewh                 10005b9f f   libucrt:new_handler.obj
 0001:00004be3       __query_new_handler        10005be3 f   libucrt:new_handler.obj
 0001:00004c35       ??$?RV<lambda_a048d3beccc847880fc8490e18b82769>@@AAV<lambda_ec61778202f4f5fc7e7711acc23c3bca>@@V<lambda_f7496a158712204296dd6628a163878e>@@@?$__crt_seh_guarded_call@P6AXH@Z@@QAEP6AXH@Z$$QAV<lambda_a048d3beccc847880fc8490e18b82769>@@AAV<lambda_ec61778202f4f5fc7e7711acc23c3bca>@@$$QAV<lambda_f7496a158712204296dd6628a163878e>@@@Z 10005c35 f i libucrt:signal.obj
 0001:00004c8f       ??$__acrt_lock_and_call@V<lambda_ec61778202f4f5fc7e7711acc23c3bca>@@@@YAP6AXH@ZW4__acrt_lock_id@@$$QAV<lambda_ec61778202f4f5fc7e7711acc23c3bca>@@@Z 10005c8f f i libucrt:signal.obj
 0001:00004d21       ___acrt_get_sigabrt_handler 10005d21 f   libucrt:signal.obj
 0001:00004d38       ___acrt_initialize_signal_handlers 10005d38 f   libucrt:signal.obj
 0001:00004d73       ___fpecode                 10005d73 f   libucrt:signal.obj
 0001:00004d7c       _raise                     10005d7c f   libucrt:signal.obj
 0001:00004f84       ___acrt_has_user_matherr   10005f84 f   libucrt:matherr.obj
 0001:00004f9d       ___acrt_initialize_user_matherr 10005f9d f   libucrt:matherr.obj
 0001:00004fb1       ___acrt_invoke_user_matherr 10005fb1 f   libucrt:matherr.obj
 0001:00004ffa       __query_new_mode           10005ffa f   libucrt:new_mode.obj
 0001:00005000       __mbtowc_l                 10006000 f   libucrt:mbtowc.obj
 0001:000050fa       _mbtowc                    100060fa f   libucrt:mbtowc.obj
 0001:00005114       __fileno                   10006114 f   libucrt:fileno.obj
 0001:0000513a       ___acrt_initialize_stdio   1000613a f   libucrt:_file.obj
 0001:00005202       ___acrt_uninitialize_stdio 10006202 f   libucrt:_file.obj
 0001:0000524e       __lock_file                1000624e f   libucrt:_file.obj
 0001:00005262       __unlock_file              10006262 f   libucrt:_file.obj
 0001:00005276       ___pctype_func             10006276 f   libucrt:ctype.obj
 0001:0000529c       __isctype_l                1000629c f   libucrt:isctype.obj
 0001:0000536e       __isleadbyte_l             1000636e f i libucrt:_wctype.obj
 0001:000055c4       ___acrt_LCMapStringA       100065c4 f   libucrt:lcmapstringa.obj
 0001:0000560f       __freea_crt                1000660f f i libucrt:lcmapstringa.obj
 0001:0000562f       ___acrt_add_locale_ref     1000662f f   libucrt:locale_refcounting.obj
 0001:000056ac       ___acrt_free_locale        100066ac f   libucrt:locale_refcounting.obj
 0001:000057f6       ___acrt_locale_add_lc_time_reference 100067f6 f   libucrt:locale_refcounting.obj
 0001:0000581f       ___acrt_locale_free_lc_time_if_unreferenced 1000681f f   libucrt:locale_refcounting.obj
 0001:0000584f       ___acrt_locale_release_lc_time_reference 1000684f f   libucrt:locale_refcounting.obj
 0001:00005878       ___acrt_release_locale_ref 10006878 f   libucrt:locale_refcounting.obj
 0001:000058f9       ___acrt_update_thread_locale_data 100068f9 f   libucrt:locale_refcounting.obj
 0001:00005970       __updatetlocinfoEx_nolock  10006970 f   libucrt:locale_refcounting.obj
 0001:000059c0       ___acrt_locale_free_monetary 100069c0 f   libucrt:initmon.obj
 0001:00005abe       ___acrt_locale_free_numeric 10006abe f   libucrt:initnum.obj
 0001:00005b63       ___acrt_locale_free_time   10006b63 f   libucrt:inittime.obj
 0001:00005c47       ___acrt_GetStringTypeA     10006c47 f   libucrt:getstringtypea.obj
 0001:00005e20       ___acrt_DownlevelLocaleNameToLCID 10006e20 f   libucrt:lcidtoname_downlevel.obj
 0001:00005f30       _qsort                     10006f30 f   libucrt:qsort.obj
 0001:0000637b       _strncpy_s                 1000737b f   libucrt:strncpy_s.obj
 0001:00006390       _strpbrk                   10007390 f   libucrt:strpbrk.obj
 0001:000063d0       __mbsdec                   100073d0 f   libucrt:mbsdec.obj
 0001:000063e7       __mbsdec_l                 100073e7 f   libucrt:mbsdec.obj
 0001:00006483       __msize                    10007483 f   libucrt:msize.obj
 0001:000064b6       __realloc_base             100074b6 f   libucrt:realloc_base.obj
 0001:0000651f       ___acrt_lowio_create_handle_array 1000751f f   libucrt:osfinfo.obj
 0001:00006599       ___acrt_lowio_destroy_handle_array 10007599 f   libucrt:osfinfo.obj
 0001:000065ce       ___acrt_lowio_ensure_fh_exists 100075ce f   libucrt:osfinfo.obj
 0001:00006666       ___acrt_lowio_lock_fh      10007666 f   libucrt:osfinfo.obj
 0001:00006689       ___acrt_lowio_unlock_fh    10007689 f   libucrt:osfinfo.obj
 0001:000066ac       __free_osfhnd              100076ac f   libucrt:osfinfo.obj
 0001:0000673d       __get_osfhandle            1000773d f   libucrt:osfinfo.obj
 0001:000067a7       __isatty                   100077a7 f   libucrt:isatty.obj
 0001:000067fd       ___acrt_stdio_flush_nolock 100077fd f   libucrt:fflush.obj
 0001:00006863       __fflush_nolock            10007863 f   libucrt:fflush.obj
 0001:000068aa       __flushall                 100078aa f   libucrt:fflush.obj
 0001:0000698b       __fcloseall                1000798b f   libucrt:closeall.obj
 0001:00006a2b       ___acrt_stdio_free_buffer_nolock 10007a2b f   libucrt:_freebuf.obj
 0001:00006a69       ___strncnt                 10007a69 f   libucrt:strncnt.obj
 0001:00006a85       __query_app_type           10007a85 f   libucrt:report_runtime_error.obj
 0001:00006a8b       ??$?RV<lambda_61cee617f5178ae960314fd4d05640a0>@@AAV<lambda_6978c1fb23f02e42e1d9e99668cc68aa>@@V<lambda_9cd88cf8ad10232537feb2133f08c833>@@@?$__crt_seh_guarded_call@H@@QAEH$$QAV<lambda_61cee617f5178ae960314fd4d05640a0>@@AAV<lambda_6978c1fb23f02e42e1d9e99668cc68aa>@@$$QAV<lambda_9cd88cf8ad10232537feb2133f08c833>@@@Z 10007a8b f i libucrt:commit.obj
 0001:00006b23       ??$__acrt_lowio_lock_fh_and_call@V<lambda_6978c1fb23f02e42e1d9e99668cc68aa>@@@@YAHH$$QAV<lambda_6978c1fb23f02e42e1d9e99668cc68aa>@@@Z 10007b23 f i libucrt:commit.obj
 0001:00006b4b       __commit                   10007b4b f   libucrt:commit.obj
 0001:0000714a       __write                    1000814a f   libucrt:write.obj
 0001:00007235       __write_nolock             10008235 f   libucrt:write.obj
 0001:00007450       _log10                     10008450 f   libucrt:log10.obj
 0001:00007490       __CIlog10                  10008490 f   libucrt:log10.obj
 0001:000074cb       __CIlog10_default          100084cb f   libucrt:log10.obj
 0001:000074df       __log10_default            100084df     libucrt:log10.obj
 0001:000075a0       _ceil                      100085a0 f   libucrt:ceil_pentium4.obj
 0001:000075e0       __ceil_pentium4            100085e0 f   libucrt:ceil_pentium4.obj
 0001:0000773b       __lseeki64_nolock          1000873b f   libucrt:lseek.obj
 0001:00007756       __fclose_nolock            10008756 f   libucrt:fclose.obj
 0001:000077cc       _fclose                    100087cc f   libucrt:fclose.obj
 0001:00007850       ___ascii_strnicmp          10008850 f   libucrt:_strnicm.obj
 0001:000078b1       __putwch_nolock            100088b1 f   libucrt:putwch.obj
 0001:000078f6       ___acrt_initialize_sse2    100088f6 f   libucrt:mathfcns.obj
 0001:00007910       __CIlog10_pentium4         10008910 f   libucrt:log10_pentium4.obj
 0001:00007928       __log10_pentium4           10008928     libucrt:log10_pentium4.obj
 0001:00007bb1       __fFEXP                    10008bb1     libucrt:87tran.obj
 0001:00007c08       __rtinfpopse               10008c08     libucrt:87tran.obj
 0001:00007c0a       __rtinfnpopse              10008c0a     libucrt:87tran.obj
 0001:00007c1a       __fFLN                     10008c1a     libucrt:87tran.obj
 0001:00007ccf       __rtinfpop                 10008ccf     libucrt:87tran.obj
 0001:00007cd1       __rtinfnpop                10008cd1     libucrt:87tran.obj
 0001:00007cee       __ffexpm1                  10008cee     libucrt:87tran.obj
 0001:00007da0       __trandisp1                10008da0 f   libucrt:87disp.obj
 0001:00007e07       __trandisp2                10008e07 f   libucrt:87disp.obj
 0001:00007e93       __rttospopde               10008e93     libucrt:87disp.obj
 0001:00007e98       __rttospop                 10008e98     libucrt:87disp.obj
 0001:00007e9a       __rtnospop                 10008e9a     libucrt:87disp.obj
 0001:00007e9c       __rttosnpop                10008e9c     libucrt:87disp.obj
 0001:00007e9d       __rtnospopde               10008e9d     libucrt:87disp.obj
 0001:00007ea4       __rtzeropop                10008ea4     libucrt:87disp.obj
 0001:00007ea6       __rtzeronpop               10008ea6     libucrt:87disp.obj
 0001:00007eab       __rtzerospop               10008eab     libucrt:87disp.obj
 0001:00007eb8       __rtonepop                 10008eb8     libucrt:87disp.obj
 0001:00007eba       __rtonenpop                10008eba     libucrt:87disp.obj
 0001:00007ebf       __tosnan1                  10008ebf     libucrt:87disp.obj
 0001:00007eea       __nosnan2                  10008eea     libucrt:87disp.obj
 0001:00007eec       __tosnan2                  10008eec     libucrt:87disp.obj
 0001:00007f14       __nan2                     10008f14     libucrt:87disp.obj
 0001:00007f53       __rtindfpop                10008f53     libucrt:87disp.obj
 0001:00007f55       __rtindfnpop               10008f55     libucrt:87disp.obj
 0001:00007f66       __rttosnpopde              10008f66     libucrt:87disp.obj
 0001:00007f70       __rtatan2inf               10008f70     libucrt:87disp.obj
 0001:00007f8d       __rtchsifneg               10008f8d     libucrt:87disp.obj
 0001:00007fa0       __twoToTOS                 10008fa0 f   libucrt:common.obj
 0001:00007fb5       __load_CW                  10008fb5 f   libucrt:common.obj
 0001:00007fcc       __convertTOStoQNaN         10008fcc f   libucrt:common.obj
 0001:00007fe5       __fload_withFB             10008fe5 f   libucrt:common.obj
 0001:00008028       __checkTOS_withFB          10009028 f   libucrt:common.obj
 0001:0000803e       __fast_exit                1000903e f   libucrt:common.obj
 0001:0000804b       __math_exit                1000904b f   libucrt:common.obj
 0001:00008075       __check_overflow_exit      10009075 f   libucrt:common.obj
 0001:00008089       __check_range_exit         10009089 f   libucrt:common.obj
 0001:00008130       __startTwoArgErrorHandling 10009130 f   libucrt:genexcep.obj
 0001:00008147       __startOneArgErrorHandling 10009147 f   libucrt:genexcep.obj
 0001:00008183       ___libm_error_support      10009183 f   libucrt:libm_error.obj
 0001:0000839b       __ceil_default             1000939b f   libucrt:ceil.obj
 0001:00008454       ??$?RV<lambda_123407a5e2ac06da108355a851863b7a>@@AAV<lambda_2fe9b910cf3cbf4a0ab98a02ba45b3ec>@@V<lambda_ae55bdf541ad94d75914d381c370e64d>@@@?$__crt_seh_guarded_call@H@@QAEH$$QAV<lambda_123407a5e2ac06da108355a851863b7a>@@AAV<lambda_2fe9b910cf3cbf4a0ab98a02ba45b3ec>@@$$QAV<lambda_ae55bdf541ad94d75914d381c370e64d>@@@Z 10009454 f i libucrt:close.obj
 0001:000084d6       ??$__acrt_lowio_lock_fh_and_call@V<lambda_2fe9b910cf3cbf4a0ab98a02ba45b3ec>@@@@YAHH$$QAV<lambda_2fe9b910cf3cbf4a0ab98a02ba45b3ec>@@@Z 100094d6 f i libucrt:close.obj
 0001:000084fe       __close                    100094fe f   libucrt:close.obj
 0001:0000857d       __close_nolock             1000957d f   libucrt:close.obj
 0001:00008619       ?__acrt_stdio_free_stream@@YAXV__crt_stdio_stream@@@Z 10009619 f   libucrt:stream.obj
 0001:00008654       ___dcrt_lowio_initialize_console_output 10009654 f   libucrt:initcon.obj
 0001:00008673       ___dcrt_terminate_console_output 10009673 f   libucrt:initcon.obj
 0001:0000868a       __clrfp                    1000968a f   libucrt:fpctrl.obj
 0001:0000869d       __ctrlfp                   1000969d f   libucrt:fpctrl.obj
 0001:000086c9       __set_statfp               100096c9 f   libucrt:fpctrl.obj
 0001:00008724       __statfp                   10009724 f   libucrt:fpctrl.obj
 0001:00008736       __d_inttype                10009736 f   libucrt:powhlp.obj
 0001:000087a0       __powhlp                   100097a0 f   libucrt:powhlp.obj
 0001:000088cb       __87except                 100098cb f   libucrt:87except.obj
 0001:000089d6       __frnd                     100099d6 f   libucrt:frnd.obj
 0001:000089ec       __errcode                  100099ec f   libucrt:fpexcept.obj
 0001:00008a20       __except1                  10009a20 f   libucrt:fpexcept.obj
 0001:00008aee       __handle_exc               10009aee f   libucrt:fpexcept.obj
 0001:00008cce       __raise_exc                10009cce f   libucrt:fpexcept.obj
 0001:00008cf1       __raise_exc_ex             10009cf1 f   libucrt:fpexcept.obj
 0001:00008fe2       __set_errno_from_matherr   10009fe2 f   libucrt:fpexcept.obj
 0001:00009011       __umatherr                 1000a011 f   libucrt:fpexcept.obj
 0001:000090b3       __decomp                   1000a0b3 f   libucrt:util.obj
 0001:00009187       __set_exp                  1000a187 f   libucrt:util.obj
 0001:000091b6       __sptype                   1000a1b6 f   libucrt:util.obj
 0001:00009214       __fpclass                  1000a214 f   libucrt:ieeemisc.obj
 0001:000092b8       _IsProcessorFeaturePresent@4 1000a2b8 f   kernel32:KERNEL32.dll
 0001:000092be       _RtlUnwind@16              1000a2be f   kernel32:KERNEL32.dll
 0001:000092c4       ?DloadAcquireSectionWriteAccess@@YGXXZ 1000a2c4 f i DelayImp:delayhlp.obj
 0001:000092f7       ?DloadGetSRWLockFunctionPointers@@YGEXZ 1000a2f7 f i DelayImp:delayhlp.obj
 0001:00009372       ?DloadLock@@YGXXZ          1000a372 f i DelayImp:delayhlp.obj
 0001:000093cf       ?DloadMakePermanentImageCommit@@YGXPAXK@Z 1000a3cf f i DelayImp:delayhlp.obj
 0001:00009441       ?DloadObtainSection@@YGPAXPAK0@Z 1000a441 f i DelayImp:delayhlp.obj
 0001:000094c4       ?DloadProtectSection@@YGXKPAK@Z 1000a4c4 f i DelayImp:delayhlp.obj
 0001:00009534       ?DloadReleaseSectionWriteAccess@@YGXXZ 1000a534 f i DelayImp:delayhlp.obj
 0001:0000956c       ?DloadUnlock@@YGXXZ        1000a56c f i DelayImp:delayhlp.obj
 0001:000095b6       ___delayLoadHelper2@8      1000a5b6 f   DelayImp:delayhlp.obj
 0001:00009840       __FindPESection            1000a840 f   LIBCMT:pesect.obj
 0001:00009890       __IsNonwritableInCurrentImage 1000a890 f   LIBCMT:pesect.obj
 0001:00009950       __ValidateImageBase        1000a950 f   LIBCMT:pesect.obj
 0001:00009990       __aulldvrm                 1000a990 f   LIBCMT:ulldvrm.obj
 0001:00009a30       __SEH_prolog4_GS           1000aa30 f   LIBCMT:_sehprolg4gs_.obj
 0001:00009a79       __SEH_epilog4_GS           1000aa79 f   LIBCMT:_sehprolg4gs_.obj
 0001:00009a90       __allmul                   1000aa90 f   LIBCMT:llmul.obj
 0001:00009ad0       __alldvrm                  1000aad0 f   LIBCMT:lldvrm.obj
 0001:00009bb0       __aullshr                  1000abb0 f   LIBCMT:ullshr.obj
 0001:00009bd0       __alloca_probe_16          1000abd0 f   LIBCMT:alloca16.obj
 0001:00009be6       __alloca_probe_8           1000abe6     LIBCMT:alloca16.obj
 0001:00009c00       __allshl                   1000ac00 f   LIBCMT:llshl.obj
 0001:00009c20       __ftol2_sse                1000ac20 f   LIBCMT:_ftol2_.obj
 0001:00009c29       __ftol2_pentium4           1000ac29 f   LIBCMT:_ftol2_.obj
 0001:00009c3c       __ftol2_sse_excpt          1000ac3c f   LIBCMT:_ftol2_.obj
 0001:00009c60       __ftol2                    1000ac60 f   LIBCMT:_ftol2_.obj
 0001:00009ce0       __chkstk                   1000ace0 f   LIBCMT:chkstk.obj
 0001:00009ce0       __alloca_probe             1000ace0 f   LIBCMT:chkstk.obj
 0001:00009d10       _memcpy                    1000ad10 f   libvcruntime:memcpy.obj
 0001:0000a290       _strchr                    1000b290 f   libvcruntime:strchr.obj
 0001:0000a2fe       ___from_strstr_to_strchr   1000b2fe     libvcruntime:strchr.obj
 0001:0000a3c0       _memmove                   1000b3c0 f   libvcruntime:memmove.obj
 0001:0000a940       _strrchr                   1000b940 f   libvcruntime:strrchr.obj
 0002:00000000       __imp__GetModuleHandleA@4  1000c000     kernel32:KERNEL32.dll
 0002:00000004       __imp__UnhandledExceptionFilter@4 1000c004     kernel32:KERNEL32.dll
 0002:00000008       __imp__SetUnhandledExceptionFilter@4 1000c008     kernel32:KERNEL32.dll
 0002:0000000c       __imp__GetCurrentProcess@0 1000c00c     kernel32:KERNEL32.dll
 0002:00000010       __imp__TerminateProcess@8  1000c010     kernel32:KERNEL32.dll
 0002:00000014       __imp__IsProcessorFeaturePresent@4 1000c014     kernel32:KERNEL32.dll
 0002:00000018       __imp__QueryPerformanceCounter@4 1000c018     kernel32:KERNEL32.dll
 0002:0000001c       __imp__GetCurrentProcessId@0 1000c01c     kernel32:KERNEL32.dll
 0002:00000020       __imp__GetCurrentThreadId@0 1000c020     kernel32:KERNEL32.dll
 0002:00000024       __imp__GetSystemTimeAsFileTime@4 1000c024     kernel32:KERNEL32.dll
 0002:00000028       __imp__InitializeSListHead@4 1000c028     kernel32:KERNEL32.dll
 0002:0000002c       __imp__IsDebuggerPresent@0 1000c02c     kernel32:KERNEL32.dll
 0002:00000030       __imp__GetStartupInfoW@4   1000c030     kernel32:KERNEL32.dll
 0002:00000034       __imp__GetModuleHandleW@4  1000c034     kernel32:KERNEL32.dll
 0002:00000038       __imp__InterlockedFlushSList@4 1000c038     kernel32:KERNEL32.dll
 0002:0000003c       __imp__RtlUnwind@16        1000c03c     kernel32:KERNEL32.dll
 0002:00000040       __imp__GetLastError@0      1000c040     kernel32:KERNEL32.dll
 0002:00000044       __imp__SetLastError@4      1000c044     kernel32:KERNEL32.dll
 0002:00000048       __imp__EnterCriticalSection@4 1000c048     kernel32:KERNEL32.dll
 0002:0000004c       __imp__LeaveCriticalSection@4 1000c04c     kernel32:KERNEL32.dll
 0002:00000050       __imp__DeleteCriticalSection@4 1000c050     kernel32:KERNEL32.dll
 0002:00000054       __imp__InitializeCriticalSectionAndSpinCount@8 1000c054     kernel32:KERNEL32.dll
 0002:00000058       __imp__TlsAlloc@0          1000c058     kernel32:KERNEL32.dll
 0002:0000005c       __imp__TlsGetValue@4       1000c05c     kernel32:KERNEL32.dll
 0002:00000060       __imp__TlsSetValue@8       1000c060     kernel32:KERNEL32.dll
 0002:00000064       __imp__TlsFree@4           1000c064     kernel32:KERNEL32.dll
 0002:00000068       __imp__FreeLibrary@4       1000c068     kernel32:KERNEL32.dll
 0002:0000006c       __imp__GetProcAddress@8    1000c06c     kernel32:KERNEL32.dll
 0002:00000070       __imp__LoadLibraryExW@12   1000c070     kernel32:KERNEL32.dll
 0002:00000074       __imp__ExitProcess@4       1000c074     kernel32:KERNEL32.dll
 0002:00000078       __imp__GetModuleHandleExW@12 1000c078     kernel32:KERNEL32.dll
 0002:0000007c       __imp__GetModuleFileNameA@12 1000c07c     kernel32:KERNEL32.dll
 0002:00000080       __imp__MultiByteToWideChar@24 1000c080     kernel32:KERNEL32.dll
 0002:00000084       __imp__WideCharToMultiByte@32 1000c084     kernel32:KERNEL32.dll
 0002:00000088       __imp__HeapFree@12         1000c088     kernel32:KERNEL32.dll
 0002:0000008c       __imp__HeapAlloc@12        1000c08c     kernel32:KERNEL32.dll
 0002:00000090       __imp__GetACP@0            1000c090     kernel32:KERNEL32.dll
 0002:00000094       __imp__LCMapStringW@24     1000c094     kernel32:KERNEL32.dll
 0002:00000098       __imp__FindClose@4         1000c098     kernel32:KERNEL32.dll
 0002:0000009c       __imp__FindFirstFileExA@24 1000c09c     kernel32:KERNEL32.dll
 0002:000000a0       __imp__FindNextFileA@8     1000c0a0     kernel32:KERNEL32.dll
 0002:000000a4       __imp__IsValidCodePage@4   1000c0a4     kernel32:KERNEL32.dll
 0002:000000a8       __imp__GetOEMCP@0          1000c0a8     kernel32:KERNEL32.dll
 0002:000000ac       __imp__GetCPInfo@8         1000c0ac     kernel32:KERNEL32.dll
 0002:000000b0       __imp__GetCommandLineA@0   1000c0b0     kernel32:KERNEL32.dll
 0002:000000b4       __imp__GetCommandLineW@0   1000c0b4     kernel32:KERNEL32.dll
 0002:000000b8       __imp__GetEnvironmentStringsW@0 1000c0b8     kernel32:KERNEL32.dll
 0002:000000bc       __imp__FreeEnvironmentStringsW@4 1000c0bc     kernel32:KERNEL32.dll
 0002:000000c0       __imp__GetProcessHeap@0    1000c0c0     kernel32:KERNEL32.dll
 0002:000000c4       __imp__GetStdHandle@4      1000c0c4     kernel32:KERNEL32.dll
 0002:000000c8       __imp__GetFileType@4       1000c0c8     kernel32:KERNEL32.dll
 0002:000000cc       __imp__GetStringTypeW@16   1000c0cc     kernel32:KERNEL32.dll
 0002:000000d0       __imp__HeapSize@12         1000c0d0     kernel32:KERNEL32.dll
 0002:000000d4       __imp__HeapReAlloc@16      1000c0d4     kernel32:KERNEL32.dll
 0002:000000d8       __imp__SetStdHandle@8      1000c0d8     kernel32:KERNEL32.dll
 0002:000000dc       __imp__WriteFile@20        1000c0dc     kernel32:KERNEL32.dll
 0002:000000e0       __imp__FlushFileBuffers@4  1000c0e0     kernel32:KERNEL32.dll
 0002:000000e4       __imp__GetConsoleCP@0      1000c0e4     kernel32:KERNEL32.dll
 0002:000000e8       __imp__GetConsoleMode@8    1000c0e8     kernel32:KERNEL32.dll
 0002:000000ec       __imp__SetFilePointerEx@20 1000c0ec     kernel32:KERNEL32.dll
 0002:000000f0       __imp__CloseHandle@4       1000c0f0     kernel32:KERNEL32.dll
 0002:000000f4       __imp__WriteConsoleW@20    1000c0f4     kernel32:KERNEL32.dll
 0002:000000f8       __imp__DecodePointer@4     1000c0f8     kernel32:KERNEL32.dll
 0002:000000fc       __imp__CreateFileW@28      1000c0fc     kernel32:KERNEL32.dll
 0002:00000100       __imp__RaiseException@16   1000c100     kernel32:KERNEL32.dll
 0002:00000104       __imp__GetSystemInfo@4     1000c104     kernel32:KERNEL32.dll
 0002:00000108       __imp__VirtualProtect@16   1000c108     kernel32:KERNEL32.dll
 0002:0000010c       __imp__VirtualQuery@12     1000c10c     kernel32:KERNEL32.dll
 0002:00000110       __imp__LoadLibraryExA@12   1000c110     kernel32:KERNEL32.dll
 0002:00000114       \177KERNEL32_NULL_THUNK_DATA 1000c114     kernel32:KERNEL32.dll
 0002:00000118       ___guard_check_icall_fptr  1000c118     LIBCMT:guard_support.obj
 0002:0000011c       ___xc_a                    1000c11c     LIBCMT:initializers.obj
 0002:00000120       __register_addon_          1000c120     hello.obj
 0002:00000124       ___xc_z                    1000c124     LIBCMT:initializers.obj
 0002:00000128       ___xi_a                    1000c128     LIBCMT:initializers.obj
 0002:0000012c       ___acrt_multibyte_initializer 1000c12c     libucrt:multibyte_initializer.obj
 0002:00000130       ___acrt_stdio_initializer  1000c130     libucrt:stdio_initializer.obj
 0002:00000134       ___acrt_tran_sse2_initializer 1000c134     libucrt:sse2_initializer.obj
 0002:00000138       ___xi_z                    1000c138     LIBCMT:initializers.obj
 0002:0000013c       ___xp_a                    1000c13c     LIBCMT:initializers.obj
 0002:00000140       ___acrt_locale_terminator  1000c140     libucrt:locale_initializer.obj
 0002:00000144       ___dcrt_console_output_terminator 1000c144     libucrt:console_output_initializer.obj
 0002:00000148       ___acrt_stdio_terminator   1000c148     libucrt:stdio_initializer.obj
 0002:0000014c       ___xp_z                    1000c14c     LIBCMT:initializers.obj
 0002:00000150       ___xt_a                    1000c150     LIBCMT:initializers.obj
 0002:00000154       ___xt_z                    1000c154     LIBCMT:initializers.obj
 0002:00000160       __sz_node_exe              1000c160     node:node.exe
 0002:0000016c       __pRawDllMain              1000c16c     LIBCMT:dll_dllmain.obj
 0002:0000016c       __pDefaultRawDllMain       1000c16c     LIBCMT:dll_dllmain.obj
 0002:00000188       ??_C@_1BC@DNHGCMLG@?$AAa?$AAd?$AAv?$AAa?$AAp?$AAi?$AA3?$AA2?$AA?$AA@ 1000c188     libvcruntime:winapi_downlevel.obj
 0002:0000019c       ??_C@_1DM@KHCHBNEB@?$AAa?$AAp?$AAi?$AA?9?$AAm?$AAs?$AA?9?$AAw?$AAi?$AAn?$AA?9?$AAc?$AAo?$AAr?$AAe?$AA?9?$AAf?$AAi?$AAb?$AAe?$AAr?$AAs?$AA?9?$AAl?$AA1?$AA?9?$AA1?$AA?9?$AA1?$AA?$AA@ 1000c19c     libvcruntime:winapi_downlevel.obj
 0002:000001d8       ??_C@_1DK@LPPGFMPP@?$AAa?$AAp?$AAi?$AA?9?$AAm?$AAs?$AA?9?$AAw?$AAi?$AAn?$AA?9?$AAc?$AAo?$AAr?$AAe?$AA?9?$AAs?$AAy?$AAn?$AAc?$AAh?$AA?9?$AAl?$AA1?$AA?9?$AA2?$AA?9?$AA0?$AA?$AA@ 1000c1d8     libvcruntime:winapi_downlevel.obj
 0002:00000214       ??_C@_1BC@GDMECMAK@?$AAk?$AAe?$AAr?$AAn?$AAe?$AAl?$AA3?$AA2?$AA?$AA@ 1000c214     libvcruntime:winapi_downlevel.obj
 0002:00000230       ??_C@_08KNHFBNJ@FlsAlloc?$AA@ 1000c230     libvcruntime:winapi_downlevel.obj
 0002:00000244       ??_C@_07PEJMOBNF@FlsFree?$AA@ 1000c244     libvcruntime:winapi_downlevel.obj
 0002:00000254       ??_C@_0M@GDNOONDI@FlsGetValue?$AA@ 1000c254     libvcruntime:winapi_downlevel.obj
 0002:00000268       ??_C@_0M@JCPCPOEF@FlsSetValue?$AA@ 1000c268     libvcruntime:winapi_downlevel.obj
 0002:0000027c       ??_C@_0BM@HCFOFFN@InitializeCriticalSectionEx?$AA@ 1000c27c     libvcruntime:winapi_downlevel.obj
 0002:00000428       ??_C@_08EHJDFFNH@__based?$CI?$AA@ 1000c428     libvcruntime:undname.obj
 0002:00000434       ??_C@_07KOLFKCDI@__cdecl?$AA@ 1000c434     libvcruntime:undname.obj
 0002:0000043c       ??_C@_08GHMPAG@__pascal?$AA@ 1000c43c     libvcruntime:undname.obj
 0002:00000448       ??_C@_09IFJBGAPI@__stdcall?$AA@ 1000c448     libvcruntime:undname.obj
 0002:00000454       ??_C@_0L@NPHFGOKO@__thiscall?$AA@ 1000c454     libvcruntime:undname.obj
 0002:00000460       ??_C@_0L@JMKHOMEK@__fastcall?$AA@ 1000c460     libvcruntime:undname.obj
 0002:0000046c       ??_C@_0N@BCKKPABJ@__vectorcall?$AA@ 1000c46c     libvcruntime:undname.obj
 0002:0000047c       ??_C@_09HIJEGCPM@__clrcall?$AA@ 1000c47c     libvcruntime:undname.obj
 0002:00000488       ??_C@_06GHPCKEAG@__eabi?$AA@ 1000c488     libvcruntime:undname.obj
 0002:00000490       ??_C@_07JOMMBBKO@__ptr64?$AA@ 1000c490     libvcruntime:undname.obj
 0002:00000498       ??_C@_0L@PILCLIHE@__restrict?$AA@ 1000c498     libvcruntime:undname.obj
 0002:000004a4       ??_C@_0M@GFIIJFMG@__unaligned?$AA@ 1000c4a4     libvcruntime:undname.obj
 0002:000004b0       ??_C@_09DHDLOLLB@restrict?$CI?$AA@ 1000c4b0     libvcruntime:undname.obj
 0002:000004ba       ??_C@_00CNPNBAHC@?$AA@     1000c4ba     libvcruntime:undname.obj
 0002:000004bc       ??_C@_04NIHEBCM@?5new?$AA@ 1000c4bc     libvcruntime:undname.obj
 0002:000004c4       ??_C@_07FPCDHGMM@?5delete?$AA@ 1000c4c4     libvcruntime:undname.obj
 0002:000004cc       ??_C@_01NEMOKFLO@?$DN?$AA@ 1000c4cc     libvcruntime:undname.obj
 0002:000004d0       ??_C@_02GPIOPFAK@?$DO?$DO?$AA@ 1000c4d0     libvcruntime:undname.obj
 0002:000004d4       ??_C@_02FODMEDOG@?$DM?$DM?$AA@ 1000c4d4     libvcruntime:undname.obj
 0002:000004d8       ??_C@_01DCLJPIOD@?$CB?$AA@ 1000c4d8     libvcruntime:undname.obj
 0002:000004dc       ??_C@_02EGOFBIJA@?$DN?$DN?$AA@ 1000c4dc     libvcruntime:undname.obj
 0002:000004e0       ??_C@_02FDNJECIE@?$CB?$DN?$AA@ 1000c4e0     libvcruntime:undname.obj
 0002:000004e4       ??_C@_02GPECMEKF@?$FL?$FN?$AA@ 1000c4e4     libvcruntime:undname.obj
 0002:000004e8       ??_C@_08LHJFAFGD@operator?$AA@ 1000c4e8     libvcruntime:undname.obj
 0002:000004f4       ??_C@_02HBOOOICD@?9?$DO?$AA@ 1000c4f4     libvcruntime:undname.obj
 0002:000004f8       ??_C@_01NBENCBCI@?$CK?$AA@ 1000c4f8     libvcruntime:undname.obj
 0002:000004fc       ??_C@_02ECNGHCIF@?$CL?$CL?$AA@ 1000c4fc     libvcruntime:undname.obj
 0002:00000500       ??_C@_02BAABKJLB@?9?9?$AA@ 1000c500     libvcruntime:undname.obj
 0002:00000504       ??_C@_01JOAMLHOP@?9?$AA@   1000c504     libvcruntime:undname.obj
 0002:00000508       ??_C@_01MIFGBAGJ@?$CL?$AA@ 1000c508     libvcruntime:undname.obj
 0002:0000050c       ??_C@_01HNPIGOCE@?$CG?$AA@ 1000c50c     libvcruntime:undname.obj
 0002:00000510       ??_C@_03MNHNFDLC@?9?$DO?$CK?$AA@ 1000c510     libvcruntime:undname.obj
 0002:00000514       ??_C@_01KMDKNFGN@?1?$AA@   1000c514     libvcruntime:undname.obj
 0002:00000518       ??_C@_01FGNFDNOH@?$CF?$AA@ 1000c518     libvcruntime:undname.obj
 0002:0000051c       ??_C@_01MNNFJEPP@?$DM?$AA@ 1000c51c     libvcruntime:undname.obj
 0002:00000520       ??_C@_02EHCHHCKH@?$DM?$DN?$AA@ 1000c520     libvcruntime:undname.obj
 0002:00000524       ??_C@_01PPODPGHN@?$DO?$AA@ 1000c524     libvcruntime:undname.obj
 0002:00000528       ??_C@_02EEKDKGMJ@?$DO?$DN?$AA@ 1000c528     libvcruntime:undname.obj
 0002:0000052c       ??_C@_01IHBHIGKO@?0?$AA@   1000c52c     libvcruntime:undname.obj
 0002:00000530       ??_C@_02HCKGKOFO@?$CI?$CJ?$AA@ 1000c530     libvcruntime:undname.obj
 0002:00000534       ??_C@_01PJKLJHI@?$HO?$AA@  1000c534     libvcruntime:undname.obj
 0002:00000538       ??_C@_01JKBOJNNK@?$FO?$AA@ 1000c538     libvcruntime:undname.obj
 0002:0000053c       ??_C@_01DNKMNLPK@?$HM?$AA@ 1000c53c     libvcruntime:undname.obj
 0002:00000540       ??_C@_02PPKAJPJL@?$CG?$CG?$AA@ 1000c540     libvcruntime:undname.obj
 0002:00000544       ??_C@_02NONPIBCD@?$HM?$HM?$AA@ 1000c544     libvcruntime:undname.obj
 0002:00000548       ??_C@_02FPIMKNGF@?$CK?$DN?$AA@ 1000c548     libvcruntime:undname.obj
 0002:0000054c       ??_C@_02FOEOMHFC@?$CL?$DN?$AA@ 1000c54c     libvcruntime:undname.obj
 0002:00000550       ??_C@_02FKMDLLOA@?9?$DN?$AA@ 1000c550     libvcruntime:undname.obj
 0002:00000554       ??_C@_02FJEHGPIO@?1?$DN?$AA@ 1000c554     libvcruntime:undname.obj
 0002:00000558       ??_C@_02FENAOKFI@?$CF?$DN?$AA@ 1000c558     libvcruntime:undname.obj
 0002:0000055c       ??_C@_03IKFCCPFF@?$DO?$DO?$DN?$AA@ 1000c55c     libvcruntime:undname.obj
 0002:00000560       ??_C@_03CDNPDDLA@?$DM?$DM?$DN?$AA@ 1000c560     libvcruntime:undname.obj
 0002:00000564       ??_C@_02FGJGFEAB@?$CG?$DN?$AA@ 1000c564     libvcruntime:undname.obj
 0002:00000568       ??_C@_02DHLNPPGH@?$HM?$DN?$AA@ 1000c568     libvcruntime:undname.obj
 0002:0000056c       ??_C@_02MHEGNOJ@?$FO?$DN?$AA@ 1000c56c     libvcruntime:undname.obj
 0002:00000570       ??_C@_09IFPLHPGF@?$GAvftable?8?$AA@ 1000c570     libvcruntime:undname.obj
 0002:0000057c       ??_C@_09BLBHBJP@?$GAvbtable?8?$AA@ 1000c57c     libvcruntime:undname.obj
 0002:00000588       ??_C@_07FEEIOKP@?$GAvcall?8?$AA@ 1000c588     libvcruntime:undname.obj
 0002:00000590       ??_C@_08LLFFHHDJ@?$GAtypeof?8?$AA@ 1000c590     libvcruntime:undname.obj
 0002:0000059c       ??_C@_0BF@KDPPACIK@?$GAlocal?5static?5guard?8?$AA@ 1000c59c     libvcruntime:undname.obj
 0002:000005b4       ??_C@_08OBABFOLI@?$GAstring?8?$AA@ 1000c5b4     libvcruntime:undname.obj
 0002:000005c0       ??_C@_0BD@JDLKDPAB@?$GAvbase?5destructor?8?$AA@ 1000c5c0     libvcruntime:undname.obj
 0002:000005d4       ??_C@_0BN@DEGPLNFK@?$GAvector?5deleting?5destructor?8?$AA@ 1000c5d4     libvcruntime:undname.obj
 0002:000005f4       ??_C@_0BO@OBMKPJIG@?$GAdefault?5constructor?5closure?8?$AA@ 1000c5f4     libvcruntime:undname.obj
 0002:00000614       ??_C@_0BN@IMDCHIKM@?$GAscalar?5deleting?5destructor?8?$AA@ 1000c614     libvcruntime:undname.obj
 0002:00000634       ??_C@_0BO@PFGOCPJJ@?$GAvector?5constructor?5iterator?8?$AA@ 1000c634     libvcruntime:undname.obj
 0002:00000654       ??_C@_0BN@LFPFMEDL@?$GAvector?5destructor?5iterator?8?$AA@ 1000c654     libvcruntime:undname.obj
 0002:00000674       ??_C@_0CE@IKBNEHA@?$GAvector?5vbase?5constructor?5iterat@ 1000c674     libvcruntime:undname.obj
 0002:00000698       ??_C@_0BL@NILFHHPC@?$GAvirtual?5displacement?5map?8?$AA@ 1000c698     libvcruntime:undname.obj
 0002:000006b4       ??_C@_0CB@JONCMFFK@?$GAeh?5vector?5constructor?5iterator?8@ 1000c6b4     libvcruntime:undname.obj
 0002:000006d8       ??_C@_0CA@GCEOPDGL@?$GAeh?5vector?5destructor?5iterator?8?$AA@ 1000c6d8     libvcruntime:undname.obj
 0002:000006f8       ??_C@_0CH@OOJPLCPH@?$GAeh?5vector?5vbase?5constructor?5ite@ 1000c6f8     libvcruntime:undname.obj
 0002:00000720       ??_C@_0BL@LLKPOHJI@?$GAcopy?5constructor?5closure?8?$AA@ 1000c720     libvcruntime:undname.obj
 0002:0000073c       ??_C@_0BA@KBCDOMBN@?$GAudt?5returning?8?$AA@ 1000c73c     libvcruntime:undname.obj
 0002:0000074c       ??_C@_03KLGMFNMG@?$GAEH?$AA@ 1000c74c     libvcruntime:undname.obj
 0002:00000750       ??_C@_05KHLCHHI@?$GARTTI?$AA@ 1000c750     libvcruntime:undname.obj
 0002:00000758       ??_C@_0BA@KKLDJDLB@?$GAlocal?5vftable?8?$AA@ 1000c758     libvcruntime:undname.obj
 0002:00000768       ??_C@_0CE@IIHCMGGL@?$GAlocal?5vftable?5constructor?5closu@ 1000c768     libvcruntime:undname.obj
 0002:0000078c       ??_C@_06FHBGPFGH@?5new?$FL?$FN?$AA@ 1000c78c     libvcruntime:undname.obj
 0002:00000794       ??_C@_09LBNFPBCA@?5delete?$FL?$FN?$AA@ 1000c794     libvcruntime:undname.obj
 0002:000007a0       ??_C@_0P@HJKNJFNN@?$GAomni?5callsig?8?$AA@ 1000c7a0     libvcruntime:undname.obj
 0002:000007b0       ??_C@_0BL@CNOONJFP@?$GAplacement?5delete?5closure?8?$AA@ 1000c7b0     libvcruntime:undname.obj
 0002:000007cc       ??_C@_0BN@CKNJLHMB@?$GAplacement?5delete?$FL?$FN?5closure?8?$AA@ 1000c7cc     libvcruntime:undname.obj
 0002:000007ec       ??_C@_0CG@CFDHKGGD@?$GAmanaged?5vector?5constructor?5iter@ 1000c7ec     libvcruntime:undname.obj
 0002:00000814       ??_C@_0CF@IMGKMJNO@?$GAmanaged?5vector?5destructor?5itera@ 1000c814     libvcruntime:undname.obj
 0002:0000083c       ??_C@_0CG@HLDDJMAG@?$GAeh?5vector?5copy?5constructor?5iter@ 1000c83c     libvcruntime:undname.obj
 0002:00000864       ??_C@_0CM@FCBBDIGB@?$GAeh?5vector?5vbase?5copy?5constructo@ 1000c864     libvcruntime:undname.obj
 0002:00000890       ??_C@_0BL@CLIPGLGB@?$GAdynamic?5initializer?5for?5?8?$AA@ 1000c890     libvcruntime:undname.obj
 0002:000008ac       ??_C@_0CB@PDBIFEP@?$GAdynamic?5atexit?5destructor?5for?5?8@ 1000c8ac     libvcruntime:undname.obj
 0002:000008d0       ??_C@_0CD@CGAJBKEJ@?$GAvector?5copy?5constructor?5iterato@ 1000c8d0     libvcruntime:undname.obj
 0002:000008f4       ??_C@_0CJ@GJELGAMM@?$GAvector?5vbase?5copy?5constructor?5i@ 1000c8f4     libvcruntime:undname.obj
 0002:00000920       ??_C@_0CL@FGIJHLCE@?$GAmanaged?5vector?5copy?5constructor@ 1000c920     libvcruntime:undname.obj
 0002:0000094c       ??_C@_0BM@PMGGMLDN@?$GAlocal?5static?5thread?5guard?8?$AA@ 1000c94c     libvcruntime:undname.obj
 0002:00000968       ??_C@_0N@BDNMDMOL@operator?5?$CC?$CC?5?$AA@ 1000c968     libvcruntime:undname.obj
 0002:00000978       ??_C@_0BC@DAFEJGAK@?5Type?5Descriptor?8?$AA@ 1000c978     libvcruntime:undname.obj
 0002:0000098c       ??_C@_0BM@LDKODKLH@?5Base?5Class?5Descriptor?5at?5?$CI?$AA@ 1000c98c     libvcruntime:undname.obj
 0002:000009a8       ??_C@_0BD@LGICGFMM@?5Base?5Class?5Array?8?$AA@ 1000c9a8     libvcruntime:undname.obj
 0002:000009bc       ??_C@_0BN@MECKDCOJ@?5Class?5Hierarchy?5Descriptor?8?$AA@ 1000c9bc     libvcruntime:undname.obj
 0002:000009dc       ??_C@_0BK@CFCOFLF@?5Complete?5Object?5Locator?8?$AA@ 1000c9dc     libvcruntime:undname.obj
 0002:000009f8       ___acrt_exception_action_table 1000c9f8     libucrt:exception_filter.obj
 0002:00000a88       ___acrt_signal_action_table_count 1000ca88     libucrt:exception_filter.obj
 0002:00000a8c       ___acrt_signal_action_first_fpe_index 1000ca8c     libucrt:exception_filter.obj
 0002:00000a90       ___acrt_signal_action_fpe_count 1000ca90     libucrt:exception_filter.obj
 0002:00000a94       ??_C@_1BI@BGOHAHKC@?$AAm?$AAs?$AAc?$AAo?$AAr?$AAe?$AAe?$AA?4?$AAd?$AAl?$AAl?$AA?$AA@ 1000ca94     libucrt:exit.obj
 0002:00000aac       ??_C@_0P@MIGLKIOC@CorExitProcess?$AA@ 1000caac     libucrt:exit.obj
 0002:00000ca0       ??_C@_03KOEHGMDN@Sun?$AA@  1000cca0     libucrt:nlsdata.obj
 0002:00000ca4       ??_C@_03PDAGKDH@Mon?$AA@   1000cca4     libucrt:nlsdata.obj
 0002:00000ca8       ??_C@_03NAGEINEP@Tue?$AA@  1000cca8     libucrt:nlsdata.obj
 0002:00000cac       ??_C@_03MHOMLAJA@Wed?$AA@  1000ccac     libucrt:nlsdata.obj
 0002:00000cb0       ??_C@_03IOFIKPDN@Thu?$AA@  1000ccb0     libucrt:nlsdata.obj
 0002:00000cb4       ??_C@_03IDIOELNC@Fri?$AA@  1000ccb4     libucrt:nlsdata.obj
 0002:00000cb8       ??_C@_03FEFJNEK@Sat?$AA@   1000ccb8     libucrt:nlsdata.obj
 0002:00000cbc       ??_C@_06OOPIFAJ@Sunday?$AA@ 1000ccbc     libucrt:nlsdata.obj
 0002:00000cc4       ??_C@_06JLEDEDGH@Monday?$AA@ 1000ccc4     libucrt:nlsdata.obj
 0002:00000ccc       ??_C@_07BAAGCFCM@Tuesday?$AA@ 1000cccc     libucrt:nlsdata.obj
 0002:00000cd4       ??_C@_09DLIGFAKA@Wednesday?$AA@ 1000ccd4     libucrt:nlsdata.obj
 0002:00000ce0       ??_C@_08HACCIKIA@Thursday?$AA@ 1000cce0     libucrt:nlsdata.obj
 0002:00000cec       ??_C@_06JECMNKMI@Friday?$AA@ 1000ccec     libucrt:nlsdata.obj
 0002:00000cf4       ??_C@_08INBOOONO@Saturday?$AA@ 1000ccf4     libucrt:nlsdata.obj
 0002:00000d00       ??_C@_03JIHJHPIE@Jan?$AA@  1000cd00     libucrt:nlsdata.obj
 0002:00000d04       ??_C@_03HJBDCHOM@Feb?$AA@  1000cd04     libucrt:nlsdata.obj
 0002:00000d08       ??_C@_03ODNJBKGA@Mar?$AA@  1000cd08     libucrt:nlsdata.obj
 0002:00000d0c       ??_C@_03LEOLGMJP@Apr?$AA@  1000cd0c     libucrt:nlsdata.obj
 0002:00000d10       ??_C@_03CNMDKL@May?$AA@    1000cd10     libucrt:nlsdata.obj
 0002:00000d14       ??_C@_03IDFGHECI@Jun?$AA@  1000cd14     libucrt:nlsdata.obj
 0002:00000d18       ??_C@_03LBGABGKK@Jul?$AA@  1000cd18     libucrt:nlsdata.obj
 0002:00000d1c       ??_C@_03IFJFEIGA@Aug?$AA@  1000cd1c     libucrt:nlsdata.obj
 0002:00000d20       ??_C@_03GGCAPAJC@Sep?$AA@  1000cd20     libucrt:nlsdata.obj
 0002:00000d24       ??_C@_03BMAOKBAD@Oct?$AA@  1000cd24     libucrt:nlsdata.obj
 0002:00000d28       ??_C@_03JPJOFNIA@Nov?$AA@  1000cd28     libucrt:nlsdata.obj
 0002:00000d2c       ??_C@_03MKABNOCG@Dec?$AA@  1000cd2c     libucrt:nlsdata.obj
 0002:00000d30       ??_C@_07CGJPFGJA@January?$AA@ 1000cd30     libucrt:nlsdata.obj
 0002:00000d38       ??_C@_08GNJGEPFN@February?$AA@ 1000cd38     libucrt:nlsdata.obj
 0002:00000d44       ??_C@_05HPCKOFNC@March?$AA@ 1000cd44     libucrt:nlsdata.obj
 0002:00000d4c       ??_C@_05DMJDNLEJ@April?$AA@ 1000cd4c     libucrt:nlsdata.obj
 0002:00000d54       ??_C@_04CNLMGBGM@June?$AA@ 1000cd54     libucrt:nlsdata.obj
 0002:00000d5c       ??_C@_04MIEPOIFP@July?$AA@ 1000cd5c     libucrt:nlsdata.obj
 0002:00000d64       ??_C@_06LBBHFDDG@August?$AA@ 1000cd64     libucrt:nlsdata.obj
 0002:00000d6c       ??_C@_09BHHEALKD@September?$AA@ 1000cd6c     libucrt:nlsdata.obj
 0002:00000d78       ??_C@_07JJNFCEND@October?$AA@ 1000cd78     libucrt:nlsdata.obj
 0002:00000d80       ??_C@_08HCHEGEOA@November?$AA@ 1000cd80     libucrt:nlsdata.obj
 0002:00000d8c       ??_C@_08EDHMEBNP@December?$AA@ 1000cd8c     libucrt:nlsdata.obj
 0002:00000d98       ??_C@_02DEDBPAFC@AM?$AA@   1000cd98     libucrt:nlsdata.obj
 0002:00000d9c       ??_C@_02CJNFDJBF@PM?$AA@   1000cd9c     libucrt:nlsdata.obj
 0002:00000da0       ??_C@_08BPBNCDIB@MM?1dd?1yy?$AA@ 1000cda0     libucrt:nlsdata.obj
 0002:00000dac       ??_C@_0BE@CKGJFCPC@dddd?0?5MMMM?5dd?0?5yyyy?$AA@ 1000cdac     libucrt:nlsdata.obj
 0002:00000dc0       ??_C@_08JCCMCCIL@HH?3mm?3ss?$AA@ 1000cdc0     libucrt:nlsdata.obj
 0002:00000dcc       ??_C@_17MBGCMIPB@?$AAS?$AAu?$AAn?$AA?$AA@ 1000cdcc     libucrt:nlsdata.obj
 0002:00000dd4       ??_C@_17KBOMKBF@?$AAM?$AAo?$AAn?$AA?$AA@ 1000cdd4     libucrt:nlsdata.obj
 0002:00000ddc       ??_C@_17BMKGEGOJ@?$AAT?$AAu?$AAe?$AA?$AA@ 1000cddc     libucrt:nlsdata.obj
 0002:00000de4       ??_C@_17CJEDCEPE@?$AAW?$AAe?$AAd?$AA?$AA@ 1000cde4     libucrt:nlsdata.obj
 0002:00000dec       ??_C@_17PDPHAADD@?$AAT?$AAh?$AAu?$AA?$AA@ 1000cdec     libucrt:nlsdata.obj
 0002:00000df4       ??_C@_17HFOLPPLP@?$AAF?$AAr?$AAi?$AA?$AA@ 1000cdf4     libucrt:nlsdata.obj
 0002:00000dfc       ??_C@_17GGIBDPIH@?$AAS?$AAa?$AAt?$AA?$AA@ 1000cdfc     libucrt:nlsdata.obj
 0002:00000e04       ??_C@_1O@IHNHDHPB@?$AAS?$AAu?$AAn?$AAd?$AAa?$AAy?$AA?$AA@ 1000ce04     libucrt:nlsdata.obj
 0002:00000e14       ??_C@_1O@MMNBFLIA@?$AAM?$AAo?$AAn?$AAd?$AAa?$AAy?$AA?$AA@ 1000ce14     libucrt:nlsdata.obj
 0002:00000e24       ??_C@_1BA@ENFBFFEK@?$AAT?$AAu?$AAe?$AAs?$AAd?$AAa?$AAy?$AA?$AA@ 1000ce24     libucrt:nlsdata.obj
 0002:00000e34       ??_C@_1BE@EBOGMDOH@?$AAW?$AAe?$AAd?$AAn?$AAe?$AAs?$AAd?$AAa?$AAy?$AA?$AA@ 1000ce34     libucrt:nlsdata.obj
 0002:00000e48       ??_C@_1BC@HHMNLIHE@?$AAT?$AAh?$AAu?$AAr?$AAs?$AAd?$AAa?$AAy?$AA?$AA@ 1000ce48     libucrt:nlsdata.obj
 0002:00000e5c       ??_C@_1O@PDICJHAG@?$AAF?$AAr?$AAi?$AAd?$AAa?$AAy?$AA?$AA@ 1000ce5c     libucrt:nlsdata.obj
 0002:00000e6c       ??_C@_1BC@ENMNNPAJ@?$AAS?$AAa?$AAt?$AAu?$AAr?$AAd?$AAa?$AAy?$AA?$AA@ 1000ce6c     libucrt:nlsdata.obj
 0002:00000e80       ??_C@_17DKNBKCHM@?$AAJ?$AAa?$AAn?$AA?$AA@ 1000ce80     libucrt:nlsdata.obj
 0002:00000e88       ??_C@_17LMDJEKJN@?$AAF?$AAe?$AAb?$AA?$AA@ 1000ce88     libucrt:nlsdata.obj
 0002:00000e90       ??_C@_17CKNLEDEC@?$AAM?$AAa?$AAr?$AA?$AA@ 1000ce90     libucrt:nlsdata.obj
 0002:00000e98       ??_C@_17LFPOIHDD@?$AAA?$AAp?$AAr?$AA?$AA@ 1000ce98     libucrt:nlsdata.obj
 0002:00000ea0       ??_C@_17PNNKMEED@?$AAM?$AAa?$AAy?$AA?$AA@ 1000cea0     libucrt:nlsdata.obj
 0002:00000ea8       ??_C@_17KCJGOCPB@?$AAJ?$AAu?$AAn?$AA?$AA@ 1000cea8     libucrt:nlsdata.obj
 0002:00000eb0       ??_C@_17IJPCKHK@?$AAJ?$AAu?$AAl?$AA?$AA@ 1000ceb0     libucrt:nlsdata.obj
 0002:00000eb8       ??_C@_17ICPELBCN@?$AAA?$AAu?$AAg?$AA?$AA@ 1000ceb8     libucrt:nlsdata.obj
 0002:00000ec0       ??_C@_17HCHCOKMG@?$AAS?$AAe?$AAp?$AA?$AA@ 1000cec0     libucrt:nlsdata.obj
 0002:00000ec8       ??_C@_17FNLKOI@?$AAO?$AAc?$AAt?$AA?$AA@ 1000cec8     libucrt:nlsdata.obj
 0002:00000ed0       ??_C@_17BBDMLCIG@?$AAN?$AAo?$AAv?$AA?$AA@ 1000ced0     libucrt:nlsdata.obj
 0002:00000ed8       ??_C@_17EGKACKIF@?$AAD?$AAe?$AAc?$AA?$AA@ 1000ced8     libucrt:nlsdata.obj
 0002:00000ee0       ??_C@_1BA@EFMEIEBA@?$AAJ?$AAa?$AAn?$AAu?$AAa?$AAr?$AAy?$AA?$AA@ 1000cee0     libucrt:nlsdata.obj
 0002:00000ef0       ??_C@_1BC@JGDDFFAM@?$AAF?$AAe?$AAb?$AAr?$AAu?$AAa?$AAr?$AAy?$AA?$AA@ 1000cef0     libucrt:nlsdata.obj
 0002:00000f04       ??_C@_1M@IKEENEDF@?$AAM?$AAa?$AAr?$AAc?$AAh?$AA?$AA@ 1000cf04     libucrt:nlsdata.obj
 0002:00000f10       ??_C@_1M@GJNLMHFD@?$AAA?$AAp?$AAr?$AAi?$AAl?$AA?$AA@ 1000cf10     libucrt:nlsdata.obj
 0002:00000f1c       ??_C@_19EPFLPGAP@?$AAJ?$AAu?$AAn?$AAe?$AA?$AA@ 1000cf1c     libucrt:nlsdata.obj
 0002:00000f28       ??_C@_19BIFMLPCD@?$AAJ?$AAu?$AAl?$AAy?$AA?$AA@ 1000cf28     libucrt:nlsdata.obj
 0002:00000f34       ??_C@_1O@PAHLKOAC@?$AAA?$AAu?$AAg?$AAu?$AAs?$AAt?$AA?$AA@ 1000cf34     libucrt:nlsdata.obj
 0002:00000f44       ??_C@_1BE@DKAAMBJL@?$AAS?$AAe?$AAp?$AAt?$AAe?$AAm?$AAb?$AAe?$AAr?$AA?$AA@ 1000cf44     libucrt:nlsdata.obj
 0002:00000f58       ??_C@_1BA@EPANDLNG@?$AAO?$AAc?$AAt?$AAo?$AAb?$AAe?$AAr?$AA?$AA@ 1000cf58     libucrt:nlsdata.obj
 0002:00000f68       ??_C@_1BC@BGLIFPF@?$AAN?$AAo?$AAv?$AAe?$AAm?$AAb?$AAe?$AAr?$AA?$AA@ 1000cf68     libucrt:nlsdata.obj
 0002:00000f7c       ??_C@_1BC@FEMKIFH@?$AAD?$AAe?$AAc?$AAe?$AAm?$AAb?$AAe?$AAr?$AA?$AA@ 1000cf7c     libucrt:nlsdata.obj
 0002:00000f90       ??_C@_15ODEHAHHF@?$AAA?$AAM?$AA?$AA@ 1000cf90     libucrt:nlsdata.obj
 0002:00000f98       ??_C@_15CLMNNGEL@?$AAP?$AAM?$AA?$AA@ 1000cf98     libucrt:nlsdata.obj
 0002:00000fa0       ??_C@_1BC@IEBCMHCM@?$AAM?$AAM?$AA?1?$AAd?$AAd?$AA?1?$AAy?$AAy?$AA?$AA@ 1000cfa0     libucrt:nlsdata.obj
 0002:00000fb4       ??_C@_1CI@KNAKOEBC@?$AAd?$AAd?$AAd?$AAd?$AA?0?$AA?5?$AAM?$AAM?$AAM?$AAM?$AA?5?$AAd?$AAd?$AA?0?$AA?5?$AAy?$AAy?$AAy?$AAy?$AA?$AA@ 1000cfb4     libucrt:nlsdata.obj
 0002:00000fdc       ??_C@_1BC@GDGBMEMK@?$AAH?$AAH?$AA?3?$AAm?$AAm?$AA?3?$AAs?$AAs?$AA?$AA@ 1000cfdc     libucrt:nlsdata.obj
 0002:00000ff0       ??_C@_1M@BMHNFIME@?$AAe?$AAn?$AA?9?$AAU?$AAS?$AA?$AA@ 1000cff0     libucrt:nlsdata.obj
 0002:00001000       ___lc_time_c               1000d000     libucrt:nlsdata.obj
 0002:000011b8       ??_C@_1EG@CNNIPFIM@?$AAa?$AAp?$AAi?$AA?9?$AAm?$AAs?$AA?9?$AAw?$AAi?$AAn?$AA?9?$AAa?$AAp?$AAp?$AAm?$AAo?$AAd?$AAe?$AAl?$AA?9?$AAr?$AAu?$AAn?$AAt?$AAi?$AAm?$AAe?$AA?9?$AAl?$AA1?$AA?9?$AA1@ 1000d1b8     libucrt:winapi_thunks.obj
 0002:00001200       ??_C@_1EA@JGEFHKEI@?$AAa?$AAp?$AAi?$AA?9?$AAm?$AAs?$AA?9?$AAw?$AAi?$AAn?$AA?9?$AAc?$AAo?$AAr?$AAe?$AA?9?$AAd?$AAa?$AAt?$AAe?$AAt?$AAi?$AAm?$AAe?$AA?9?$AAl?$AA1?$AA?9?$AA1?$AA?9?$AA1?$AA?$AA@ 1000d200     libucrt:winapi_thunks.obj
 0002:00001240       ??_C@_1DI@GCIAAENM@?$AAa?$AAp?$AAi?$AA?9?$AAm?$AAs?$AA?9?$AAw?$AAi?$AAn?$AA?9?$AAc?$AAo?$AAr?$AAe?$AA?9?$AAf?$AAi?$AAl?$AAe?$AA?9?$AAl?$AA2?$AA?9?$AA1?$AA?9?$AA1?$AA?$AA@ 1000d240     libucrt:winapi_thunks.obj
 0002:00001278       ??_C@_1EI@MPIAOHOC@?$AAa?$AAp?$AAi?$AA?9?$AAm?$AAs?$AA?9?$AAw?$AAi?$AAn?$AA?9?$AAc?$AAo?$AAr?$AAe?$AA?9?$AAl?$AAo?$AAc?$AAa?$AAl?$AAi?$AAz?$AAa?$AAt?$AAi?$AAo?$AAn?$AA?9?$AAl?$AA1?$AA?9@ 1000d278     libucrt:winapi_thunks.obj
 0002:000012c0       ??_C@_1FK@FPHCKFIE@?$AAa?$AAp?$AAi?$AA?9?$AAm?$AAs?$AA?9?$AAw?$AAi?$AAn?$AA?9?$AAc?$AAo?$AAr?$AAe?$AA?9?$AAl?$AAo?$AAc?$AAa?$AAl?$AAi?$AAz?$AAa?$AAt?$AAi?$AAo?$AAn?$AA?9?$AAo?$AAb?$AAs@ 1000d2c0     libucrt:winapi_thunks.obj
 0002:00001320       ??_C@_1EM@DILCGIIO@?$AAa?$AAp?$AAi?$AA?9?$AAm?$AAs?$AA?9?$AAw?$AAi?$AAn?$AA?9?$AAc?$AAo?$AAr?$AAe?$AA?9?$AAp?$AAr?$AAo?$AAc?$AAe?$AAs?$AAs?$AAt?$AAh?$AAr?$AAe?$AAa?$AAd?$AAs?$AA?9?$AAl@ 1000d320     libucrt:winapi_thunks.obj
 0002:0000136c       ??_C@_1DM@LNCGDDPN@?$AAa?$AAp?$AAi?$AA?9?$AAm?$AAs?$AA?9?$AAw?$AAi?$AAn?$AA?9?$AAc?$AAo?$AAr?$AAe?$AA?9?$AAs?$AAt?$AAr?$AAi?$AAn?$AAg?$AA?9?$AAl?$AA1?$AA?9?$AA1?$AA?9?$AA0?$AA?$AA@ 1000d36c     libucrt:winapi_thunks.obj
 0002:000013a8       ??_C@_1DO@FPAPJEMD@?$AAa?$AAp?$AAi?$AA?9?$AAm?$AAs?$AA?9?$AAw?$AAi?$AAn?$AA?9?$AAc?$AAo?$AAr?$AAe?$AA?9?$AAs?$AAy?$AAs?$AAi?$AAn?$AAf?$AAo?$AA?9?$AAl?$AA1?$AA?9?$AA2?$AA?9?$AA1?$AA?$AA@ 1000d3a8     libucrt:winapi_thunks.obj
 0002:000013e8       ??_C@_1DK@NDHNAHIO@?$AAa?$AAp?$AAi?$AA?9?$AAm?$AAs?$AA?9?$AAw?$AAi?$AAn?$AA?9?$AAc?$AAo?$AAr?$AAe?$AA?9?$AAw?$AAi?$AAn?$AAr?$AAt?$AA?9?$AAl?$AA1?$AA?9?$AA1?$AA?9?$AA0?$AA?$AA@ 1000d3e8     libucrt:winapi_thunks.obj
 0002:00001424       ??_C@_1DM@KGHDGBCM@?$AAa?$AAp?$AAi?$AA?9?$AAm?$AAs?$AA?9?$AAw?$AAi?$AAn?$AA?9?$AAc?$AAo?$AAr?$AAe?$AA?9?$AAx?$AAs?$AAt?$AAa?$AAt?$AAe?$AA?9?$AAl?$AA2?$AA?9?$AA1?$AA?9?$AA0?$AA?$AA@ 1000d424     libucrt:winapi_thunks.obj
 0002:00001460       ??_C@_1EO@IJIOEFOH@?$AAa?$AAp?$AAi?$AA?9?$AAm?$AAs?$AA?9?$AAw?$AAi?$AAn?$AA?9?$AAr?$AAt?$AAc?$AAo?$AAr?$AAe?$AA?9?$AAn?$AAt?$AAu?$AAs?$AAe?$AAr?$AA?9?$AAw?$AAi?$AAn?$AAd?$AAo?$AAw?$AA?9@ 1000d460     libucrt:winapi_thunks.obj
 0002:000014b0       ??_C@_1FG@HHGEKANL@?$AAa?$AAp?$AAi?$AA?9?$AAm?$AAs?$AA?9?$AAw?$AAi?$AAn?$AA?9?$AAs?$AAe?$AAc?$AAu?$AAr?$AAi?$AAt?$AAy?$AA?9?$AAs?$AAy?$AAs?$AAt?$AAe?$AAm?$AAf?$AAu?$AAn?$AAc?$AAt?$AAi@ 1000d4b0     libucrt:winapi_thunks.obj
 0002:00001508       ??_C@_1FG@NCKKOLKO@?$AAe?$AAx?$AAt?$AA?9?$AAm?$AAs?$AA?9?$AAw?$AAi?$AAn?$AA?9?$AAk?$AAe?$AAr?$AAn?$AAe?$AAl?$AA3?$AA2?$AA?9?$AAp?$AAa?$AAc?$AAk?$AAa?$AAg?$AAe?$AA?9?$AAc?$AAu?$AAr?$AAr@ 1000d508     libucrt:winapi_thunks.obj
 0002:00001560       ??_C@_1EG@DBIOJECG@?$AAe?$AAx?$AAt?$AA?9?$AAm?$AAs?$AA?9?$AAw?$AAi?$AAn?$AA?9?$AAn?$AAt?$AAu?$AAs?$AAe?$AAr?$AA?9?$AAd?$AAi?$AAa?$AAl?$AAo?$AAg?$AAb?$AAo?$AAx?$AA?9?$AAl?$AA1?$AA?9?$AA1@ 1000d560     libucrt:winapi_thunks.obj
 0002:000015a8       ??_C@_1EO@FIHMJCLF@?$AAe?$AAx?$AAt?$AA?9?$AAm?$AAs?$AA?9?$AAw?$AAi?$AAn?$AA?9?$AAn?$AAt?$AAu?$AAs?$AAe?$AAr?$AA?9?$AAw?$AAi?$AAn?$AAd?$AAo?$AAw?$AAs?$AAt?$AAa?$AAt?$AAi?$AAo?$AAn?$AA?9@ 1000d5a8     libucrt:winapi_thunks.obj
 0002:000015f8       ??_C@_1O@BCCLBEOE@?$AAu?$AAs?$AAe?$AAr?$AA3?$AA2?$AA?$AA@ 1000d5f8     libucrt:winapi_thunks.obj
 0002:00001630       ??_C@_0BE@JOGNEJCI@GetCurrentPackageId?$AA@ 1000d630     libucrt:winapi_thunks.obj
 0002:00001654       ??_C@_0O@KKBNKAPF@LCMapStringEx?$AA@ 1000d654     libucrt:winapi_thunks.obj
 0002:0000166c       ??_C@_0BB@HBDEELFH@LocaleNameToLCID?$AA@ 1000d66c     libucrt:winapi_thunks.obj
 0002:00001690       ??_C@_1M@HPNHIDJI@?$AAj?$AAa?$AA?9?$AAJ?$AAP?$AA?$AA@ 1000d690     libucrt:mbctype.obj
 0002:0000169c       ??_C@_1M@BIBDDEMK@?$AAz?$AAh?$AA?9?$AAC?$AAN?$AA?$AA@ 1000d69c     libucrt:mbctype.obj
 0002:000016a8       ??_C@_1M@JLOOOEGK@?$AAk?$AAo?$AA?9?$AAK?$AAR?$AA?$AA@ 1000d6a8     libucrt:mbctype.obj
 0002:000016b4       ??_C@_1M@CLNBBOPM@?$AAz?$AAh?$AA?9?$AAT?$AAW?$AA?$AA@ 1000d6b4     libucrt:mbctype.obj
 0002:000016c0       ___newctype                1000d6c0     libucrt:ctype.obj
 0002:000019c0       ___newclmap                1000d9c0     libucrt:ctype.obj
 0002:00001b40       ___newcumap                1000db40     libucrt:ctype.obj
 0002:00001cc0       ??_C@_15PJPFLCCM@?$AAu?$AAk?$AA?$AA@ 1000dcc0     libucrt:get_qualified_locale.obj
 0002:000023e8       ??_C@_15EMKDOKLE@?$AAa?$AAr?$AA?$AA@ 1000e3e8     libucrt:lcidtoname_downlevel.obj
 0002:000023f0       ??_C@_15KNPADPLH@?$AAb?$AAg?$AA?$AA@ 1000e3f0     libucrt:lcidtoname_downlevel.obj
 0002:000023f8       ??_C@_15EDMHLDMO@?$AAc?$AAa?$AA?$AA@ 1000e3f8     libucrt:lcidtoname_downlevel.obj
 0002:00002400       ??_C@_1O@BPEAJADD@?$AAz?$AAh?$AA?9?$AAC?$AAH?$AAS?$AA?$AA@ 1000e400     libucrt:lcidtoname_downlevel.obj
 0002:00002410       ??_C@_15LJNHCMNK@?$AAc?$AAs?$AA?$AA@ 1000e410     libucrt:lcidtoname_downlevel.obj
 0002:00002418       ??_C@_15FOMCIDHG@?$AAd?$AAa?$AA?$AA@ 1000e418     libucrt:lcidtoname_downlevel.obj
 0002:00002420       ??_C@_15NBKABECB@?$AAd?$AAe?$AA?$AA@ 1000e420     libucrt:lcidtoname_downlevel.obj
 0002:00002428       ??_C@_15GHPEIIAO@?$AAe?$AAl?$AA?$AA@ 1000e428     libucrt:lcidtoname_downlevel.obj
 0002:00002430       ??_C@_15MNPNEAIF@?$AAe?$AAn?$AA?$AA@ 1000e430     libucrt:lcidtoname_downlevel.obj
 0002:00002438       ??_C@_15GPIOMPMH@?$AAe?$AAs?$AA?$AA@ 1000e438     libucrt:lcidtoname_downlevel.obj
 0002:00002440       ??_C@_15NGLOAKJC@?$AAf?$AAi?$AA?$AA@ 1000e440     libucrt:lcidtoname_downlevel.obj
 0002:00002448       ??_C@_15FBKGNKAM@?$AAf?$AAr?$AA?$AA@ 1000e448     libucrt:lcidtoname_downlevel.obj
 0002:00002450       ??_C@_15KGGCNEFK@?$AAh?$AAe?$AA?$AA@ 1000e450     libucrt:lcidtoname_downlevel.obj
 0002:00002458       ??_C@_15PGHLIDMF@?$AAh?$AAu?$AA?$AA@ 1000e458     libucrt:lcidtoname_downlevel.obj
 0002:00002460       ??_C@_15BIEMAPLM@?$AAi?$AAs?$AA?$AA@ 1000e460     libucrt:lcidtoname_downlevel.obj
 0002:00002468       ??_C@_15IFJLDHAF@?$AAi?$AAt?$AA?$AA@ 1000e468     libucrt:lcidtoname_downlevel.obj
 0002:00002470       ??_C@_15GEMIOCAG@?$AAj?$AAa?$AA?$AA@ 1000e470     libucrt:lcidtoname_downlevel.obj
 0002:00002478       ??_C@_15EPELEGJA@?$AAk?$AAo?$AA?$AA@ 1000e478     libucrt:lcidtoname_downlevel.obj
 0002:00002480       ??_C@_15NDDHIMN@?$AAn?$AAl?$AA?$AA@ 1000e480     libucrt:lcidtoname_downlevel.obj
 0002:00002488       ??_C@_15BPIGNHCD@?$AAn?$AAo?$AA?$AA@ 1000e488     libucrt:lcidtoname_downlevel.obj
 0002:00002490       ??_C@_15DEOPBLCG@?$AAp?$AAl?$AA?$AA@ 1000e490     libucrt:lcidtoname_downlevel.obj
 0002:00002498       ??_C@_15KBECGEFG@?$AAp?$AAt?$AA?$AA@ 1000e498     libucrt:lcidtoname_downlevel.obj
 0002:000024a0       ??_C@_15GLJCBFMD@?$AAr?$AAo?$AA?$AA@ 1000e4a0     libucrt:lcidtoname_downlevel.obj
 0002:000024a8       ??_C@_15FEDGKCDI@?$AAr?$AAu?$AA?$AA@ 1000e4a8     libucrt:lcidtoname_downlevel.obj
 0002:000024b0       ??_C@_15GLKMLLHM@?$AAh?$AAr?$AA?$AA@ 1000e4b0     libucrt:lcidtoname_downlevel.obj
 0002:000024b8       ??_C@_15CPKMFBDB@?$AAs?$AAk?$AA?$AA@ 1000e4b8     libucrt:lcidtoname_downlevel.obj
 0002:000024c0       ??_C@_15BAAIOGMK@?$AAs?$AAq?$AA?$AA@ 1000e4c0     libucrt:lcidtoname_downlevel.obj
 0002:000024c8       ??_C@_15INNPNOHD@?$AAs?$AAv?$AA?$AA@ 1000e4c8     libucrt:lcidtoname_downlevel.obj
 0002:000024d0       ??_C@_15CABMMOGH@?$AAt?$AAh?$AA?$AA@ 1000e4d0     libucrt:lcidtoname_downlevel.obj
 0002:000024d8       ??_C@_15BPLIHJJM@?$AAt?$AAr?$AA?$AA@ 1000e4d8     libucrt:lcidtoname_downlevel.obj
 0002:000024e0       ??_C@_15NEOEKKDJ@?$AAu?$AAr?$AA?$AA@ 1000e4e0     libucrt:lcidtoname_downlevel.obj
 0002:000024e8       ??_C@_15NFICGAJK@?$AAi?$AAd?$AA?$AA@ 1000e4e8     libucrt:lcidtoname_downlevel.obj
 0002:000024f0       ??_C@_15HPJPHDM@?$AAb?$AAe?$AA?$AA@ 1000e4f0     libucrt:lcidtoname_downlevel.obj
 0002:000024f8       ??_C@_15LCHLGJII@?$AAs?$AAl?$AA?$AA@ 1000e4f8     libucrt:lcidtoname_downlevel.obj
 0002:00002500       ??_C@_15PCFJPHHO@?$AAe?$AAt?$AA?$AA@ 1000e500     libucrt:lcidtoname_downlevel.obj
 0002:00002508       ??_C@_15HPFPGODN@?$AAl?$AAv?$AA?$AA@ 1000e508     libucrt:lcidtoname_downlevel.obj
 0002:00002510       ??_C@_15NFFGKGLG@?$AAl?$AAt?$AA?$AA@ 1000e510     libucrt:lcidtoname_downlevel.obj
 0002:00002518       ??_C@_15BDAKCCHN@?$AAf?$AAa?$AA?$AA@ 1000e518     libucrt:lcidtoname_downlevel.obj
 0002:00002520       ??_C@_15NFGIAIAJ@?$AAv?$AAi?$AA?$AA@ 1000e520     libucrt:lcidtoname_downlevel.obj
 0002:00002528       ??_C@_15LMKNDMHN@?$AAh?$AAy?$AA?$AA@ 1000e528     libucrt:lcidtoname_downlevel.obj
 0002:00002530       ??_C@_15IJBHMCFL@?$AAa?$AAz?$AA?$AA@ 1000e530     libucrt:lcidtoname_downlevel.obj
 0002:00002538       ??_C@_15EKOFJABL@?$AAe?$AAu?$AA?$AA@ 1000e538     libucrt:lcidtoname_downlevel.obj
 0002:00002540       ??_C@_15BGHADCNK@?$AAm?$AAk?$AA?$AA@ 1000e540     libucrt:lcidtoname_downlevel.obj
 0002:00002548       ??_C@_15JDNICKHM@?$AAa?$AAf?$AA?$AA@ 1000e548     libucrt:lcidtoname_downlevel.obj
 0002:00002550       ??_C@_15KPJEDBKD@?$AAk?$AAa?$AA?$AA@ 1000e550     libucrt:lcidtoname_downlevel.obj
 0002:00002558       ??_C@_15PDNFFFEO@?$AAf?$AAo?$AA?$AA@ 1000e558     libucrt:lcidtoname_downlevel.obj
 0002:00002560       ??_C@_15OMLEGLOC@?$AAh?$AAi?$AA?$AA@ 1000e560     libucrt:lcidtoname_downlevel.obj
 0002:00002568       ??_C@_15IDNNENKK@?$AAm?$AAs?$AA?$AA@ 1000e568     libucrt:lcidtoname_downlevel.obj
 0002:00002570       ??_C@_15MACJNBMH@?$AAk?$AAk?$AA?$AA@ 1000e570     libucrt:lcidtoname_downlevel.obj
 0002:00002578       ??_C@_15DKDJEOND@?$AAk?$AAy?$AA?$AA@ 1000e578     libucrt:lcidtoname_downlevel.obj
 0002:00002580       ??_C@_15DFGDLJBG@?$AAs?$AAw?$AA?$AA@ 1000e580     libucrt:lcidtoname_downlevel.obj
 0002:00002588       ??_C@_15BBFAICNG@?$AAu?$AAz?$AA?$AA@ 1000e588     libucrt:lcidtoname_downlevel.obj
 0002:00002590       ??_C@_15DKNDCGEA@?$AAt?$AAt?$AA?$AA@ 1000e590     libucrt:lcidtoname_downlevel.obj
 0002:00002598       ??_C@_15MGIFMDPL@?$AAp?$AAa?$AA?$AA@ 1000e598     libucrt:lcidtoname_downlevel.obj
 0002:000025a0       ??_C@_15HCNDBBA@?$AAg?$AAu?$AA?$AA@ 1000e5a0     libucrt:lcidtoname_downlevel.obj
 0002:000025a8       ??_C@_15FNBEIBON@?$AAt?$AAa?$AA?$AA@ 1000e5a8     libucrt:lcidtoname_downlevel.obj
 0002:000025b0       ??_C@_15NCHGBGLK@?$AAt?$AAe?$AA?$AA@ 1000e5b0     libucrt:lcidtoname_downlevel.obj
 0002:000025b8       ??_C@_15PHPHCBPF@?$AAk?$AAn?$AA?$AA@ 1000e5b8     libucrt:lcidtoname_downlevel.obj
 0002:000025c0       ??_C@_15DLGBCKMP@?$AAm?$AAr?$AA?$AA@ 1000e5c0     libucrt:lcidtoname_downlevel.obj
 0002:000025c8       ??_C@_15EABBLBFF@?$AAs?$AAa?$AA?$AA@ 1000e5c8     libucrt:lcidtoname_downlevel.obj
 0002:000025d0       ??_C@_15CBKOMCOI@?$AAm?$AAn?$AA?$AA@ 1000e5d0     libucrt:lcidtoname_downlevel.obj
 0002:000025d8       ??_C@_15CKDMCJAF@?$AAg?$AAl?$AA?$AA@ 1000e5d8     libucrt:lcidtoname_downlevel.obj
 0002:000025e0       ??_C@_17CNJFBPG@?$AAk?$AAo?$AAk?$AA?$AA@ 1000e5e0     libucrt:lcidtoname_downlevel.obj
 0002:000025e8       ??_C@_17FFBJICPL@?$AAs?$AAy?$AAr?$AA?$AA@ 1000e5e8     libucrt:lcidtoname_downlevel.obj
[...]
 0001:00006dda       ?write_requires_double_translation_nolock@@YA_NH@Z 10007dda f   libucrt:write.obj
 0001:00006e50       ?write_text_ansi_nolock@@YA?AUwrite_result@?A0x47fa6670@@HQBDI@Z 10007e50 f   libucrt:write.obj
 0001:00006f2f       ?write_text_utf16le_nolock@@YA?AUwrite_result@?A0x47fa6670@@HQBDI@Z 10007f2f f   libucrt:write.obj
 0001:0000701d       ?write_text_utf8_nolock@@YA?AUwrite_result@?A0x47fa6670@@HQBDI@Z 1000801d f   libucrt:write.obj
 0001:00007450       $$000000                   10008450     libucrt:log10.obj
 0001:000075a0       $$000000                   100085a0     libucrt:ceil_pentium4.obj
 0001:000076bd       ??$common_lseek_nolock@_J@@YA_JH_JH@Z 100086bd f   libucrt:lseek.obj
 0001:00007850       $$000000                   10008850     libucrt:_strnicm.obj
 0001:00007910       $$000000                   10008910     libucrt:log10_pentium4.obj
 0001:00007ba0       $$000000                   10008ba0     libucrt:87tran.obj
 0001:00007da0       $$000000                   10008da0     libucrt:87disp.obj
 0001:00007fa0       $$000000                   10008fa0     libucrt:common.obj
 0001:00008130       $$000000                   10009130     libucrt:genexcep.obj
 0001:00009990       $$000000                   1000a990     LIBCMT:ulldvrm.obj
 0001:00009a30       $$000000                   1000aa30     LIBCMT:_sehprolg4gs_.obj
 0001:00009a90       $$000000                   1000aa90     LIBCMT:llmul.obj
 0001:00009ad0       $$000000                   1000aad0     LIBCMT:lldvrm.obj
 0001:00009bb0       $$000000                   1000abb0     LIBCMT:ullshr.obj
 0001:00009bd0       $$000000                   1000abd0     LIBCMT:alloca16.obj
 0001:00009c00       $$000000                   1000ac00     LIBCMT:llshl.obj
 0001:00009c20       $$000000                   1000ac20     LIBCMT:_ftol2_.obj
 0001:00009ce0       $$000000                   1000ace0     LIBCMT:chkstk.obj
 0001:00009d10       $$000000                   1000ad10     libvcruntime:memcpy.obj
 0001:00009f74       TrailingUpVec              1000af74     libvcruntime:memcpy.obj
 0001:0000a020       TrailingDownVec            1000b020     libvcruntime:memcpy.obj
 0001:0000a290       $$000000                   1000b290     libvcruntime:strchr.obj
 0001:0000a3c0       $$000000                   1000b3c0     libvcruntime:memmove.obj
 0001:0000a624       TrailingUpVec              1000b624     libvcruntime:memmove.obj
 0001:0000a6d0       TrailingDownVec            1000b6d0     libvcruntime:memmove.obj
 0001:0000a940       $$000000                   1000b940     libvcruntime:strrchr.obj
 0002:00000170       _GS_ExceptionPointers      1000c170     LIBCMT:gs_report.obj
 0002:00000178       ?module_names@?A0x89697e75@@3QBQB_WB 1000c178     libvcruntime:winapi_downlevel.obj
 0002:00000228       ?candidate_modules@?1??try_get_FlsAlloc@@YAP6GKP6GXPAX@Z@ZXZ@4QBW4module_id@?A0x89697e75@@B 1000c228     libvcruntime:winapi_downlevel.obj
 0002:0000023c       ?candidate_modules@?1??try_get_FlsFree@@YAP6GHK@ZXZ@4QBW4module_id@?A0x89697e75@@B 1000c23c     libvcruntime:winapi_downlevel.obj
 0002:0000024c       ?candidate_modules@?1??try_get_FlsGetValue@@YAP6GPAXK@ZXZ@4QBW4module_id@?A0x89697e75@@B 1000c24c     libvcruntime:winapi_downlevel.obj
 0002:00000260       ?candidate_modules@?1??try_get_FlsSetValue@@YAP6GHKPAX@ZXZ@4QBW4module_id@?A0x89697e75@@B 1000c260     libvcruntime:winapi_downlevel.obj
 0002:00000274       ?candidate_modules@?1??try_get_InitializeCriticalSectionEx@@YAP6GHPAU_RTL_CRITICAL_SECTION@@KK@ZXZ@4QBW4module_id@?A0x89697e75@@B 1000c274     libvcruntime:winapi_downlevel.obj
 0002:00000298       ?tokenTable@@3QBQBDB       1000c298     libvcruntime:undname.obj
 0002:000002d0       ?nameTable@@3QBQBDB        1000c2d0     libvcruntime:undname.obj
 0002:00000414       ?rttiTable@@3QBQBDB        1000c414     libvcruntime:undname.obj
 0002:00000ac0       ___acrt_initializers       1000cac0     libucrt:initialization.obj
 0002:00000b38       _errtable                  1000cb38     libucrt:errno.obj
 0002:00001168       _module_names              1000d168     libucrt:winapi_thunks.obj
 0002:00001608       ?candidate_modules@?1??try_get_FlsAlloc@@YAP6GKP6GXPAX@Z@ZXZ@4QBW4module_id@?A0x352e5c4b@@B 1000d608     libucrt:winapi_thunks.obj
 0002:00001610       ?candidate_modules@?1??try_get_FlsFree@@YAP6GHK@ZXZ@4QBW4module_id@?A0x352e5c4b@@B 1000d610     libucrt:winapi_thunks.obj
 0002:00001618       ?candidate_modules@?1??try_get_FlsGetValue@@YAP6GPAXK@ZXZ@4QBW4module_id@?A0x352e5c4b@@B 1000d618     libucrt:winapi_thunks.obj
 0002:00001620       ?candidate_modules@?1??try_get_FlsSetValue@@YAP6GHKPAX@ZXZ@4QBW4module_id@?A0x352e5c4b@@B 1000d620     libucrt:winapi_thunks.obj
 0002:00001628       ?candidate_modules@?1??try_get_GetCurrentPackageId@@YAP6GJPAIPAE@ZXZ@4QBW4module_id@?A0x352e5c4b@@B 1000d628     libucrt:winapi_thunks.obj
 0002:00001644       ?candidate_modules@?1??try_get_InitializeCriticalSectionEx@@YAP6GHPAU_RTL_CRITICAL_SECTION@@KK@ZXZ@4QBW4module_id@?A0x352e5c4b@@B 1000d644     libucrt:winapi_thunks.obj
 0002:0000164c       ?candidate_modules@?1??try_get_LCMapStringEx@@YAP6GHPB_WK0HPA_WHPAU_nlsversioninfo@@PAXJ@ZXZ@4QBW4module_id@?A0x352e5c4b@@B 1000d64c     libucrt:winapi_thunks.obj
 0002:00001664       ?candidate_modules@?1??try_get_LocaleNameToLCID@@YAP6GKPB_WK@ZXZ@4QBW4module_id@?A0x352e5c4b@@B 1000d664     libucrt:winapi_thunks.obj
 0002:00001680       __mb_locale_names          1000d680     libucrt:mbctype.obj
 0002:00001cc8       _LcidToLocaleNameTable     1000dcc8     libucrt:lcidtoname_downlevel.obj
 0002:00002de8       _LocaleNameToIndexTable    1000ede8     libucrt:lcidtoname_downlevel.obj
 0002:00003d40       LOG_name                   1000fd40     libucrt:log10.obj
 0002:00003d50       _One                       1000fd50     libucrt:ceil_pentium4.obj
 0002:00003d60       _Bns                       1000fd60     libucrt:ceil_pentium4.obj
 0002:00003d70       _Zero                      1000fd70     libucrt:ceil_pentium4.obj
 0002:00003d80       _S                         1000fd80     libucrt:ceil_pentium4.obj
 0002:00003d90       _NegZero                   1000fd90     libucrt:ceil_pentium4.obj
 0002:00003da0       emask                      1000fda0     libucrt:log10_pentium4.obj
 0002:00003db0       CC                         1000fdb0     libucrt:log10_pentium4.obj
 0002:00003dc0       Magic                      1000fdc0     libucrt:log10_pentium4.obj
 0002:00003dd0       hi_mask                    1000fdd0     libucrt:log10_pentium4.obj
 0002:00003de0       LOG10_2                    1000fde0     libucrt:log10_pentium4.obj
 0002:00003df0       place_L                    1000fdf0     libucrt:log10_pentium4.obj
 0002:00003e10       One                        1000fe10     libucrt:log10_pentium4.obj
 0002:00003e20       Zero                       1000fe20     libucrt:log10_pentium4.obj
 0002:00003e30       Two52                      1000fe30     libucrt:log10_pentium4.obj
 0002:00003e40       Infs                       1000fe40     libucrt:log10_pentium4.obj
 0002:00003e50       NaN                        1000fe50     libucrt:log10_pentium4.obj
 0002:00003e60       coeff                      1000fe60     libucrt:log10_pentium4.obj
 0002:00003ebe       _log2max                   1000febe     libucrt:87tran.obj
 0002:00003ec8       _smallarg                  1000fec8     libucrt:87tran.obj
 0002:00003ed2       _half                      1000fed2     libucrt:87tran.obj
 0002:00003f1e       One                        1000ff1e     libucrt:87disp.obj
 0002:00003f26       Three                      1000ff26     libucrt:87disp.obj
 0002:00003f2e       XAMtoTagTab                1000ff2e     libucrt:87disp.obj
 0002:00003f40       One                        1000ff40     libucrt:common.obj
 0002:00003f54       DblMax                     1000ff54     libucrt:common.obj
 0002:00003f5c       DblMin                     1000ff5c     libucrt:common.obj
 0002:00003f64       IeeeAdjO                   1000ff64     libucrt:common.obj
 0002:00003f6c       IeeeAdjU                   1000ff6c     libucrt:common.obj
 0002:00003f74       _infinity                  1000ff74     libucrt:common.obj
 0002:00003f7c       _zero                      1000ff7c     libucrt:common.obj
 0002:00003fc8       _over                      1000ffc8     libucrt:fpctrl.obj
 0002:00003fd4       _under                     1000ffd4     libucrt:fpctrl.obj
 0002:00004898       ?_names@?1??_get_fname@@9@9 10010898     libucrt:fpexcept.obj
 0002:00004eb8       __sehtable$?dllmain_crt_process_attach@@YAHQAUHINSTANCE__@@QAX@Z 10010eb8     LIBCMT:dll_dllmain.obj
 0002:00004ed8       __sehtable$?dllmain_crt_process_detach@@YAH_N@Z 10010ed8     LIBCMT:dll_dllmain.obj
 0002:00004ef8       __sehtable$?dllmain_dispatch@@YAHQAUHINSTANCE__@@KQAX@Z 10010ef8     LIBCMT:dll_dllmain.obj
 0002:00004f18       __sehtable$___scrt_is_nonwritable_in_current_image 10010f18     LIBCMT:utility.obj
 0002:00004f38       __sehtable$?common_exit@@YAXHW4_crt_exit_cleanup_mode@@W4_crt_exit_return_mode@@@Z 10010f38     libucrt:exit.obj
 0002:00004f60       __sehtable$??$?RV<lambda_800076c951b434888f4765a74a194fcc>@@AAV<lambda_4e60a939b0d047cfe11ddc22648dfba9>@@V<lambda_6dbb1268764f43b569ce7b67e331d33a>@@@?$__crt_seh_guarded_call@H@@QAEH$$QAV<lambda_800076c951b434888f4765a74a194fcc>@@AAV<lambda_4e60a939b0d047cfe11ddc22648dfba9>@@$$QAV<lambda_6dbb1268764f43b569ce7b67e331d33a>@@@Z 10010f60     libucrt:onexit.obj
 0002:00004f80       __sehtable$??$?RV<lambda_995298e7d72eb4c2aab26c0585b3abe5>@@AAV<lambda_275893d493268fdec8709772e3fcec0e>@@V<lambda_293819299cbf9a7022e18b56a874bb5c>@@@?$__crt_seh_guarded_call@H@@QAEH$$QAV<lambda_995298e7d72eb4c2aab26c0585b3abe5>@@AAV<lambda_275893d493268fdec8709772e3fcec0e>@@$$QAV<lambda_293819299cbf9a7022e18b56a874bb5c>@@@Z 10010f80     libucrt:onexit.obj
 0002:00004fa0       __sehtable$_terminate      10010fa0     libucrt:terminate.obj
 0002:00004fc0       __sehtable$??$?RV<lambda_9df27f884b057bc3edfc946cb5b7cf47>@@AAV<lambda_e69574bed617af4e071282c136b37893>@@V<lambda_cc0d902bcbbeb830f749456577db4721>@@@?$__crt_seh_guarded_call@X@@QAEX$$QAV<lambda_9df27f884b057bc3edfc946cb5b7cf47>@@AAV<lambda_e69574bed617af4e071282c136b37893>@@$$QAV<lambda_cc0d902bcbbeb830f749456577db4721>@@@Z 10010fc0     libucrt:per_thread_data.obj
 0002:00004fe0       __sehtable$??$?RV<lambda_3518db117f0e7cdb002338c5d3c47b6c>@@AAV<lambda_b2ea41f6bbb362cd97d94c6828d90b61>@@V<lambda_abdedf541bb04549bc734292b4a045d4>@@@?$__crt_seh_guarded_call@X@@QAEX$$QAV<lambda_3518db117f0e7cdb002338c5d3c47b6c>@@AAV<lambda_b2ea41f6bbb362cd97d94c6828d90b61>@@$$QAV<lambda_abdedf541bb04549bc734292b4a045d4>@@@Z 10010fe0     libucrt:per_thread_data.obj
 0002:00005000       __sehtable$??$?RV<lambda_51b6e8b1eb166f2a3faf91f424b38130>@@AAV<lambda_6250bd4b2a391816dd638c3bf72b0bcb>@@V<lambda_0b5a4a3e68152e1d9b943535f5f47bed>@@@?$__crt_seh_guarded_call@X@@QAEX$$QAV<lambda_51b6e8b1eb166f2a3faf91f424b38130>@@AAV<lambda_6250bd4b2a391816dd638c3bf72b0bcb>@@$$QAV<lambda_0b5a4a3e68152e1d9b943535f5f47bed>@@@Z 10011000     libucrt:per_thread_data.obj
 0002:00005020       __sehtable$??$?RV<lambda_5b71d36f03204c0beab531769a5b5694>@@AAV<lambda_be2b3da3f62db62e9dad5dc70221a656>@@V<lambda_8f9ce462984622f9bf76b59e2aaaf805>@@@?$__crt_seh_guarded_call@X@@QAEX$$QAV<lambda_5b71d36f03204c0beab531769a5b5694>@@AAV<lambda_be2b3da3f62db62e9dad5dc70221a656>@@$$QAV<lambda_8f9ce462984622f9bf76b59e2aaaf805>@@@Z 10011020     libucrt:per_thread_data.obj
 0002:00005040       __sehtable$___acrt_uninitialize_locale 10011040     libucrt:wsetlocale.obj
 0002:00005060       __sehtable$___acrt_update_thread_multibyte_data 10011060     libucrt:mbctype.obj
 0002:00005080       __sehtable$??$?RV<lambda_978dc153c237d78434369da87b74ff60>@@AAV<lambda_ad1ced32f4ac17aa236e5ef05d6b3b7c>@@V<lambda_4a8533e2866a575feecb8298ce776b0d>@@@?$__crt_seh_guarded_call@X@@QAEX$$QAV<lambda_978dc153c237d78434369da87b74ff60>@@AAV<lambda_ad1ced32f4ac17aa236e5ef05d6b3b7c>@@$$QAV<lambda_4a8533e2866a575feecb8298ce776b0d>@@@Z 10011080     libucrt:mbctype.obj
 0002:000050a0       __sehtable$___acrt_initialize_lowio 100110a0     libucrt:ioinit.obj
 0002:000050c0       __sehtable$__query_new_handler 100110c0     libucrt:new_handler.obj
 0002:000050e0       __sehtable$_raise          100110e0     libucrt:signal.obj
 0002:00005100       __sehtable$??$?RV<lambda_a048d3beccc847880fc8490e18b82769>@@AAV<lambda_ec61778202f4f5fc7e7711acc23c3bca>@@V<lambda_f7496a158712204296dd6628a163878e>@@@?$__crt_seh_guarded_call@P6AXH@Z@@QAEP6AXH@Z$$QAV<lambda_a048d3beccc847880fc8490e18b82769>@@AAV<lambda_ec61778202f4f5fc7e7711acc23c3bca>@@$$QAV<lambda_f7496a158712204296dd6628a163878e>@@@Z 10011100     libucrt:signal.obj
 0002:00005120       __sehtable$___acrt_update_thread_locale_data 10011120     libucrt:locale_refcounting.obj
 0002:00005140       __sehtable$___acrt_lowio_ensure_fh_exists 10011140     libucrt:osfinfo.obj
 0002:00005160       __sehtable$_common_flush_all 10011160     libucrt:fflush.obj
 0002:00005188       __sehtable$__fcloseall     10011188     libucrt:closeall.obj
 0002:000051a8       __sehtable$??$?RV<lambda_61cee617f5178ae960314fd4d05640a0>@@AAV<lambda_6978c1fb23f02e42e1d9e99668cc68aa>@@V<lambda_9cd88cf8ad10232537feb2133f08c833>@@@?$__crt_seh_guarded_call@H@@QAEH$$QAV<lambda_61cee617f5178ae960314fd4d05640a0>@@AAV<lambda_6978c1fb23f02e42e1d9e99668cc68aa>@@$$QAV<lambda_9cd88cf8ad10232537feb2133f08c833>@@@Z 100111a8     libucrt:commit.obj
 0002:000051c8       __sehtable$__write         100111c8     libucrt:write.obj
 0002:000051e8       __sehtable$_fclose         100111e8     libucrt:fclose.obj
 0002:00005208       __sehtable$??$?RV<lambda_123407a5e2ac06da108355a851863b7a>@@AAV<lambda_2fe9b910cf3cbf4a0ab98a02ba45b3ec>@@V<lambda_ae55bdf541ad94d75914d381c370e64d>@@@?$__crt_seh_guarded_call@H@@QAEH$$QAV<lambda_123407a5e2ac06da108355a851863b7a>@@AAV<lambda_2fe9b910cf3cbf4a0ab98a02ba45b3ec>@@$$QAV<lambda_ae55bdf541ad94d75914d381c370e64d>@@@Z 10011208     libucrt:close.obj
 0002:00005228       __sehtable$__IsNonwritableInCurrentImage 10011228     LIBCMT:pesect.obj
 0002:00005550       .edata                     10011550     hello.exp
 0002:00005578       rgpv                       10011578     hello.exp
 0002:0000557c       rgszName                   1001157c     hello.exp
 0002:00005580       rgwOrd                     10011580     hello.exp
 0002:00005582       szName                     10011582     hello.exp
 0002:0000558d       $N00001                    1001158d     hello.exp
 0002:000056f4       .idata$6                   100116f4     kernel32:KERNEL32.dll
 0003:00000020       ?__vcrt_flsindex@@3KA      10012020     libvcruntime:per_thread_data.obj
 0003:00000044       _errno_no_memory           10012044     libucrt:errno.obj
 0003:00000048       _doserrno_no_memory        10012048     libucrt:errno.obj
 0003:0000004c       ___acrt_flsindex           1001204c     libucrt:per_thread_data.obj
 0003:00000114       ___rgctypeflag             10012114     libucrt:mbctype.obj
 0003:00000118       ___rgcode_page_info        10012118     libucrt:mbctype.obj
 0003:00000760       __module                   10012760     hello.obj
 0003:000007b4       ?__proc_attached@@3HA      100127b4     LIBCMT:dll_dllmain.obj
 0003:000007b8       _GS_ExceptionRecord        100127b8     LIBCMT:gs_report.obj
 0003:00000808       _GS_ContextRecord          10012808     LIBCMT:gs_report.obj
 0003:00000adc       ?module_local_atexit_table@@3U_onexit_table_t@@A 10012adc     LIBCMT:utility.obj
 0003:00000ae8       ?module_local_at_quick_exit_table@@3U_onexit_table_t@@A 10012ae8     LIBCMT:utility.obj
 0003:00000af4       ?is_initialized_as_dll@@3_NA 10012af4     LIBCMT:utility.obj
 0003:00000b1c       ?__vcrt_startup_thread_ptd@@3U__vcrt_ptd@@A 10012b1c     libvcruntime:per_thread_data.obj
 0003:00000b44       ___vcrt_lock_table         10012b44     libvcruntime:locks.obj
 0003:00000b5c       ___vcrt_locks_initialized  10012b5c     libvcruntime:locks.obj
 0003:00000b60       ?module_handles@@3PAPAUHINSTANCE__@@A 10012b60     libvcruntime:winapi_downlevel.obj
 0003:00000b70       ?encoded_function_pointers@@3PAPAXA 10012b70     libvcruntime:winapi_downlevel.obj
 0003:00000bc0       ?heap@@3V_HeapManager@@A   10012bc0     libvcruntime:undname.obj
 0003:00000bd4       _c_termination_complete    10012bd4     libucrt:exit.obj
 0003:00000bd8       _thread_local_exit_callback_func 10012bd8     libucrt:exit.obj
 0003:00000bdc       ?c_exit_complete@?5??common_exit@@YAXHW4_crt_exit_cleanup_mode@@W4_crt_exit_return_mode@@@Z@4_NA 10012bdc     libucrt:exit.obj
 0003:00000be0       ?program_name@?5???$common_configure_argv@D@@YAHW4_crt_argv_mode@@@Z@4PADA 10012be0     libucrt:argv_parsing.obj
 0003:00000d10       ___acrt_invalid_parameter_handler 10012d10     libucrt:invalid_parameter.obj
 0003:00000d20       ___acrt_lock_table         10012d20     libucrt:locks.obj
 0003:00000e58       ___acrt_locks_initialized  10012e58     libucrt:locks.obj
 0003:00000e60       _module_handles            10012e60     libucrt:winapi_thunks.obj
 0003:00000eb0       _encoded_function_pointers 10012eb0     libucrt:winapi_thunks.obj
 0003:00000f30       ?state_cache@?1??__acrt_is_packaged_app@@9@4JA 10012f30     libucrt:winapi_thunks.obj
 0003:00000f4c       _fSystemSet                10012f4c     libucrt:mbctype.obj
 0003:00000f50       ?initialized@?1??__acrt_initialize_multibyte@@9@4_NA 10012f50     libucrt:mbctype.obj
 0003:00001174       ___acrt_new_handler        10013174     libucrt:new_handler.obj
 0003:00001178       _ctrlc_action              10013178     libucrt:signal.obj
 0003:0000117c       _ctrlbreak_action          1001317c     libucrt:signal.obj
 0003:00001180       _abort_action              10013180     libucrt:signal.obj
 0003:00001184       _term_action               10013184     libucrt:signal.obj
 0003:00001188       _user_matherr              10013188     libucrt:matherr.obj
 0003:00001194       ___acrt_global_new_mode    10013194     libucrt:new_mode.obj
 0003:000011a8       ___acrt_app_type           100131a8     libucrt:report_runtime_error.obj
 0003:000011b0       __pmatherr_set             100131b0     libucrt:libm_error.obj
 0004:00000000       __guard_fids____dcrt_uninitialize_environments_nolock 10014000     libucrt:environment_initialization.obj
 0004:00000008       __guard_fids__             10014008     libucrt:initialization.obj
 0004:00000068       __guard_fids____acrt_initialize_ptd 10014068     libucrt:per_thread_data.obj
 0004:0000006c       __guard_fids_??$expand_argument_wildcards@D@@YAHQAD0AAV?$argument_list@D@?A0xb0e4b824@@@Z 1001406c     libucrt:argv_wildcards.obj
 0004:00000070       __guard_fids__             10014070     libucrt:locale_initializer.obj
 0004:00000074       __guard_fids__             10014074     libucrt:multibyte_initializer.obj
 0004:00000078       __guard_fids__             10014078     libucrt:stdio_initializer.obj
 0004:0000007c       __guard_fids__             1001407c     libucrt:stdio_initializer.obj
 0004:00000080       __guard_fids____libm_error_support 10014080     libucrt:libm_error.obj
 0004:00000084       __guard_fids__             10014084     libucrt:sse2_initializer.obj
 0004:00000088       __guard_fids__             10014088     libucrt:console_output_initializer.obj
 0004:0000008c       __guard_fids_?dllmain_crt_process_attach@@YAHQAUHINSTANCE__@@QAX@Z 1001408c     LIBCMT:dll_dllmain.obj
 0004:00000094       __guard_fids_?dllmain_dispatch@@YAHQAUHINSTANCE__@@KQAX@Z 10014094     LIBCMT:dll_dllmain.obj
 0004:00000098       __guard_fids__             10014098     LIBCMT:guard_support.obj
 0004:0000009c       __guard_fids____vcrt_initialize_ptd 1001409c     libvcruntime:per_thread_data.obj
 0005:00000060       $R000000                   10015060     * linker generated manifest res *

 Exports

  ordinal    name

        1    __register_addon_
               exported name: _register_addon_
